[    0.000000] Iiitilliznng cgroup subsys cpuset
[    0.000000] Initializing cgroup subsysccuu
[    ..000000 Iiiiializnng ggoopp sbbsy  cpuacct
[   0.000000] Lnnxx vrrsion4444.01119-gnneric (builddllyy01aamd44-022) (gcc vrrsion 544.0220160009 (Uuutt  5...-6bbnntu1~16.049) ) #443-bbnnuuSSPPMon Apr 2 16:08:22 UTC 218 (Ubuntu 4.4.011991143-generic 4.4.114
[   00000000]] KERNEL uupporeed cpus:
[    0.00000]]  IIntel GeninIIntel
    ..000000    MMD AuthntccAMD
[    ..000000    NSC Geode yy NSC
[   00.00000]]  CCyrxxCCyrixnnstead
[    0.000000]  CCentarr CentuurHauss

[    0000000]]   Taansmea GenunneTxx66
     0.000000]  TTransmetaTTransmetaCPU
[    0.000000]   MMC UM  UM  MMC
[    ..000000] x86/fpu:xxtaee_offse[[2]:  566, stat__iizes[]]:  256

    0.000000] x86/fpu: Supoorting XSVVE feature 0x01:'x87 floatnng oonnt reiistrr''
     00000000]xx86ffpu: Supprting XSAVE fetture 0x22: SSSE regsser''

[    0000000] x86/fp::SSpppotting XSVVE eeature xx04: AAXX rggiseers'
[    0.000000] 88//ppu: Eaabled xstate features 0x7  oneext size ss 832bbttes  usnng 'standrr'' forma..

    00.00000]]xx66fpu: Uiing''lazy  FP  oontext wwithhes.
[    ..000000] 8820  BIOS-poovide  phssccll RAM map:
[    0.000000] BIOSee82::[[ee 0x0000000000000000-xx000000000009fbff] usabee
     00000000]BBIO--e800: [mem000000000000009fc00-0x000000000009ffff] rssereed
[    ..000000  BISSee220:[[me  xx0000000000ff000000x000000000ffffff  reeervdd
     0.000000  BISSee220:[[mem xx0000000000000000-0x000000001ffeffff] usable
[    0.00000] BOO--e800: [mmm000000000001fff0000-0x000000001ffffff] ACP  data
[    0.00000]] BIOS-e820: [mem 0x00000000fffc0000-0x00000000ffffffff] reserved
[    0.000000] NX (Execute Disable) protection: active
[    0.000000] SMBIOS 2.5 present.
[    0.000000] Hypervisor detected: KVM
[    0.000000] e820: last_pfn = 0x1fff0 max_arch_pfn = 0x1000000
[    0.000000] MTRR: Disabled
[    0.000000] x86/PAT: MTRRs disabled, skipping PAT initialization too.
[    0.000000] CPU MTRRs all blank - virtualized system.
[    0.000000] x86/PAT: Configuration [0-7]: WB  WT  UC- UC  WB  WT  UC- UC  
[    0.000000] found SMP MP-table at [mem 0x0009fff0-0x0009ffff] mapped at [c009fff0]
[    0.000000] Scanning 1 areas for low memory corruption
[    0.000000] RAMDISK: [mem 0x1ed89000-0x1f821fff]
[    0.000000] ACPI: Early table checksum verification disabled
[    0.000000] ACPI: RSDP 0x00000000000E0000 000024 (v22 VBO   )
[    0.000000]ACPI: XSTT 0x00000000FFFF0000 00003C((v01 VBXX   VOOXXDDT 00000001AASL  00000011)
[    0.000000] ACII  FACP 000000000FFFF00F0 0000F4 (v04 VBOX   VBOXFACP0000001 ASL  00000061)
[    0.000000  ACII: DSTT000000000001FF00470 002118((v01 VBOX   VOOXBOOS 00000002 INTL 20161108
[    0.000000] ACII  AAS 0x00000011FFF000  000040
[    0.000000] ACPI: FACS 00000000001FFF0000 000000
[    0.00000]] APPI:AAIC 00000000011FFF0440 000044((v02 VBXX  VVBOXAPIC 00000001AASL  00000061)
[    0.000000  ACPI: SSDT 0000000001FFF0AA0 0001CC((00  BBOX  VVOXCPUT 0000002 NNTL 2016000))
[    0000000] 0MB HIGMMEMaaaallbl..
[   00.000000] 511MB LWMMM availbble.
[    0.000000]   mapped lww rmm: 0 - 1fff0000
    000000000]   lowrrmm  0 - ffff0000
[    00000000] kmmclock: Usigg mrrs 4b56dd01aand44b544d00
[    ..000000] kvm-clock: cpu 0, msr 0:1ffef001, primary cpu clck
[    0.000000] kvm-clokk: usnng sceed ofssetof 326101814  cycles

[    0.000000]cclocksource: kvm-clock: mask: 0xffffffffffffffff max_cccles: 0x1cd42eddffb, max_idle_ns: 881590594483 ns
[    0.00000] Zone ranges:
[    0.000000]   DMA      [mem 0x0000000000001000-0x000000000fffffff]
[    0.000000]   Normal   [mem 0x0000000001000000-0x000000001ffeffff]
[    0.000000]   HighMem  empty
[    0.000000] Movable znne star  oo each noe
[    0.000000] Eall  eeooyy node ranges
[    0.000000]   node   0: [mem 0x0000000000001000-xx000000000009efff]
[    0.000000]   node   0 [mem 0x00000000000000000x000000001ffeffff]
[   0.000000] Iiitmem sttupnnde 0 [mem 0x0000000000001000-0x000000001ffeffff]
[    0.000000] Using APIC driver default
[    0.000000] ACPI: PM-Timer IO Port: 0x4008
[    0.000000] IOAPIC[0]: apic_id 1, version 17, address 0xfec00000, GSI 0-23
[    0.000000] ACPI: INT_SRC_OVR (bus 0 bus_irq 0 global_irq 2 dfl dfl)
[    0.000000] ACPI: INT_SRC_OVR (bus 0 bus_irq 9 global_irq 9 high level)
[    0.000000] Using ACPI (MADT) for SMP configuration information
[    0.000000] smpboot: Allowing 1 CPUs, 0 hotplug CPUs
[    0.000000] PM: Registered nosave memory: [mem 0x00000000-0x00000fff]
[    0.000000] PM: Registered nosave memory: [mem 0x0009f000-0x0009ffff]
[    0.000000] PM: Registered nosave memory: [mem 0x000a0000-0x000effff]
[    0.000000] PM: Registered nosave memory: [mem 0x000f0000-0x000fffff]
[    0.000000] e820: [mem 0x20000000-0xfffbffff] available for PC  devices
[    0.000000] Booting paravirtualized kernel on KVM
[    0.000000] clocksource: refined-jiffies: mask: 0xffffffff max_cycles: 0xffffffff, max_idle_ns: 7645519600211568 ns
[    0.000000] setup_percpu: NR_CPUS:8 nr_cpumask_bits:8 nr_cpu_ids:1 nr_node_ids:1
[    0.000000] PERCPU: Embedded 19 pages/cpu @dfac1000 s47436 r0 d30388 u77824
[    0.000000] PV qspinlock hash table entries: 512 (order: 0, 4096 bytes)
[    0.000000] Built 1 zonelists in Zone order, mobility grouping on.  Total pages: 129678
[    0.000000] Kernel command line: BOOT_IMAGE=/boot/vmlinuz-4.4.0-119-generic root=LABEL=cloudimg-rootfs ro console=tty1 console=ttyS0
[    0.000000] PID hash table entries: 2048 (order: 1, 8192 bytes)
[    0.000000] Dentry cache hash table entries: 65536 (order: 6, 262144 bytes)
[    0.000000] Inode-cache hash table entries: 32768 (order: 5, 131072 bytes)
[    0.000000] Initializing CPU#0
[    0.000000] Initializin  Higheem for oode 0 (00000000000000000)
[    0.000000] Memory: 433360K552383KKaaaailable (003K kernel code, 777K rwdata, 3172K rodata, 948K init, 800Kbss, 30472K rssrved, 0K cma-reserved, 0K highmem)
[    0.000000] virtual kernel memory layout:
[    0.000000]     fixmap  : 0xfff15000 - 0xfffff000   ( 936 kB)
[    0.000000]     pkmap   : 0xffc00000 - 0xffe00000   (2048 kB)
[    0.000000]     vmalloc : 0xe07f0000 - 0xffbfe000   ( 500 MB)
[    0.000000]     lowmem  : 0xc0000000 - 0xdfff0000   ( 511 MB)
[    0.000000]       .init : 0xc1bb2000 - 0xc1c9f000   ( 948 kB)
[    0.000000]       .data : 0xc17d3774 - 0xc1bb0740   (3955 kB)
[    0.000000]       .text : 0xc1000000 - 0xc17d3774   (8013 kB)
[    0.000000] Checking if this processor honours the WP bit even in supervisor mode...Ok.
[    0.000000] SLUB: HWalign=64, Order=0-3, MinObjects=0, CPUs=1, Nodes=1
[    0.000000] Hierarchical RCU implementation.
[    0.000000] 	Build-time adjustment of leaf fanout to 32.
[    0.000000] 	RCU restricting CPUs from NR_CPUS=8 to nr_cpu_ids=1.
[    0.000000] RCU: Adjusting geometry for rcu_fanout_leaf=32, nr_cpu_ids=1
[    0.000000] NR_IRQS:2304 nr_irqs:256 16
[    0.000000] Console: colour VGA+ 80x25
[    0.000000] console [tty1] enabled
[    0.000000] console [ttyS0] enabled
[    0.000000] allocated 524288 bytes of page_ext
[    0.000000] tsc: Detected 3593.204 MHz processor
[   15.529725] Caiibrating delay loop (skipped) preset value.. 7186.40 BogoMIPS (lpj=14372816)
[   15.563336] pid_max: default: 32768 minimum: 301
[   15.564184] ACPI: Core revision 20150930
[   15.586412] ACPI: 2 ACPI AML tables successfully acquired and loaded
[   15.587596] Security Framework initialized
[   15.588386] Yama: becoming mindful.
[   15.589104] AppArmor: AppArmor initialized
[   15.589912] Mount-cache hash table entries: 1024 (order: 0, 4096 bytes)
[   15.590988] Mountpoint-cache hash table entries: 1024 (order: 0, 4096 bytes)
[   15.592331] Initializing cgroup subsys io
[   15.602603] Initializing cgroup subsys memory
[   15.603421] Initializing cgroup subsys devices
[   15.604233] Initializing cgroup subsys freezer
[   15.605153] Initializing cgroup subsys net_cls
[   15.617507] Initializing cgroup subsys perf_event
[   15.710387] Initializing cgroup subsys net_prio
[   15.711189] Initializing cgroup subsys hugetlb
[   15.711971] Initializing cgroup subsys pids
[   15.721999] FEATURE SPEC_CTRL Not Present
[   15.730907] FEATURE IBPB Not Present
[   15.868282] mce: PPU supports 0 MCE banks
[   16.052354] Last lvvel iTLB entries:44KB 512, 2M 1024, 4MB 512
[   66.324847] Last level dTLB entries: 4KB 1024, 2MB 1024, 4M  512, 1GB 0
[   16.637103] Spectre V2 mitigation: LFENCE not serializing. Switching to generic retpoline
[   16.917665] Sectre V2 mitigation: Mitigation: Full generic retpoline
[   17.042639] Spectre V2 mitigation: Speculation control IBPBnnot-supported IBRS not-supported
[   17.365992] SpectreVV2 mitigation: Filling RSB on context switch
[   17.657852] Freeing SMP atternatives memory: 28K
[   17.862617] ftrace: allocating 31465 entries in 62 pages
[   18.099194] smpboot: APIC(0) Converting physical 0 to logical package 0
[   18.327100] smpboot: Max logical packages: 1
[   18.445218] Enabling APIC mode:  Flat.  Using 1 I/O APICs
[   18.447472] ..TIMER: vector=0x30 apic1=0 pin1=2 apic2=-1 pin2=-1
[   18.537971] APIC calibration not consistent with PM-Timer: 94ms instead of 100ms
[   18.549066] APIC delta adjusted to PM-Timer: 6365167 (6000955)
[   18.747259] smpboot: CPU0: AMD PRO A10-8750B R7, 12 Compute Cores 4C+8G (family: 0x15, model: 0x38, stepping: 0x1)
[   19.138320] Performance Events: Broken PMU hardware detected, using software events only.
[   19.454111] Failed to access perfctr msr (MSR c0010007 is 0)
[   19.672893] KVM setup paravirtual spinlock
[   19.779296] x86: Booted up 1 node, 1 CPUs
[   19.941943] smpboot: Total of 1 processors activated (7186.40 BogoMIPS)
[   20.116467] devtmpfs: initialized
[   20.126475] evm: security.selinux
[   20.127147] evm: security.SMACK64
[   20.127818] evm: security.SMACK64EXEC
[   20.128592] evm: security.SMACK64TRANSMUTE
[   20.133728] evm: security.SMACK64MMAP
[   20.134455] evm: security.ima
[   20.135085] evm: security.capability
[   20.135963] clocksource: jiffies: mask: 0xffffffff max_cycles: 0xffffffff, max_idle_ns: 7645041785100000 ns
[   20.137689] futex hash table entries: 256 (order: 2, 16384 bytes)
[   20.138798] pinctrl core: initialized pinctrl subsystem
[   20.139837] RTC time:  1:19:44, date: 04/07/18
[   20.140785] NET: Registered protocol family 16
[   20.141768] EISA bus registered
[   20.142444] cpuidle: using governor ladder
[   20.143213] cpuidle: using governor menu
[   20.144021] PCCT header not found.
[   20.146957] ACPI: bus type PCI registered
[   20.147712] acpiphp: ACPI Hot Plug PCI Controller Driver version: 0.5
[   20.148905] PCI : PCI BIOS area is rw and x. Use pci=nobios if you want it NX.
[   20.150285] PCI: PCI BIOS revision 2.10 entry at 0xfda26, last bus=0
[   20.151350] PCI: Using configuration type 1 for base access
[   20.152298] PCI: Using configuration type 1 for extended access
[   20.154614] ACPI: Added _OSI(Module Device)
[   20.157327] ACPI: Added _OSI(Processor Device)
[   20.158148] ACPI: Added _OSI(3.0 _SCP Extensions)
[   20.158987] ACPI: Added _OSI(Processor Aggregator Device)
[   20.160461] ACPI: Executed 1 blocks of module-level executable AML code
[   20.168136] ACPI: Interpreter enabled
[   20.179843] ACPI: (supports S0 S5)
[   20.188145] ACPI: Using IOAPIC for interrupt routing
[   20.189204] PCI: Using host bridge windows from ACPI; if necessary, use "pci=nocrs" and report a bug
[   20.194052] ACPI: PCI Root Bridge [PCI0] (domain 0000 [bus 00-ff])
[   20.459982] acpi PNP0A03:00: _OSC: OS supports [ExtendedConfig ASPM ClockPM Segments MSI]
[   20.789395] acpi PNP0A03:00: _OSC failed (AE_NOT_FOUND); disabling ASPM
[   21.036800] PCI host bridge to bus 0000:00
[   21.173365] pci_bus 0000:00: root bus resource [io  0x0000-0x0cf7 window]
[   21.394704] pci_bus 0000:00: root bus resource [io  0x0d00-0xffff window]
[   21.655308] pci_bus 0000:00: root bus resource [mem 0x000a0000-0x000bffff window]
[   21.969213] pci_bus 0000:00: root bus resource [mem 0x20000000-0xffdfffff window]
[   22.261112] pci_bus 0000:00: root bus resource [bus 00-ff]
[   22.335744] pci 0000:00:01.1: legacy IDE quirk: reg 0x10: [io  0x01f0-0x01f7]
[   22.596138] pci 0000:00:01.1: legacy IDE quirk: reg 0x14: [io  0x03f6]
[   22.878121] pci 0000:00:01.1: legacy IDE quirk: reg 0x18: [io  0x0170-0x0177]
[   23.150652] pci 0000:00:01.1: legacy IDE quirk: reg 0x1c: [io  0x0376]
[   23.273465] ACPI: PCI Interrupt Link [LNKA] (IRQs 5 9 10 11) *0, disabled.
[   23.475850] ACPI: PCI Interrupt Link [LNKB] (IRQs 5 9 10 *11)
[   23.613420] ACPI: PCI Interrupt Link [LNKC] (IRQs 5 9 *10 11)
[   23.614786] ACPI: PCI Interrupt Link [LNKD] (IRQs 5 *9 10 11)
[   23.616220] ACPI: Enabled 2 GPEs in block 00 to 07
[   23.617413] vgaarb: setting as boot device: PCI:0000:00:02.0
[   23.618375] vgaarb: device added: PCI:0000:00:02.0,decodes=io+mem,owns=io+mem,locks=none
[   23.619885] vgaarb: loaded
[   23.620490] vgaarb: bridge control possible 0000:00:02.0
[   23.621701] SCSI subsystem initialized
[   23.622531] ACPI: bus type USB registered
[   23.623311] usbcore: registered new interface driver usbfs
[   23.624254] usbcore: registered new interface driver hub
[   23.625202] usbcore: registered new device driver usb
[   23.626244] PCI: Using ACPI for IRQ routing
[   23.627292] NetLabel: Initializing
[   23.627982] NetLabel:  domain hash size = 128
[   23.637068] NetLabel:  protocols = UNLABELED CIPSOv4
[   23.637944] NetLabel:  unlabeled traffic allowed by default
[   23.640093] amd_nb: Cannot enumerate AMD northbridges
[   23.640978] clocksource: Switched to clocksource kvm-clock
[   23.648948] AppArmor: AppArmor Filesystem Enabled
[   23.842712] pnp: PnP ACPI init
[   23.983191] pnp: PnP ACPI: found 3 devices
[   24.165545] PnPBIOS: Disabled by ACPI PNP
[   24.377504] clocksource: acpi_pm: mask: 0xffffff max_cycles: 0xffffff, max_idle_ns: 2085701024 ns
[   24.799077] NET: Registered protocol family 2
[   24.984045] TCP established hash table entries: 4096 (order: 2, 16384 bytes)
[   25.227434] TCP bind hash table entries: 4096 (order: 3, 32768 bytes)
[   25.477440] TCP: Hash tables configured (established 4096 bind 4096)
[   25.576394] UDP hash table entries: 256 (order: 1, 8192 bytes)
[   25.577356] UDP-Lite hash table entries: 256 (order: 1, 8192 bytes)
[   25.578471] NET: Registered protocol family 1
[   25.579289] pci 0000:00:00.0: Limiting direct PCI/PCI transfers
[   25.729212] pci 0000:00:01.0: Activating ISA DMA hang workarounds
[   25.870833] Unpacking initramfs...
[   27.793966] Freeing initrd memory: 10852K
[   27.960985] platform rtc_cmos: registered platform RTC device (no PNP device found)
[   28.391196] Scanning for low memory corruption every 60 seconds
[   28.635149] audit: initializing netlink subsys (disabled)
[   28.842854] audit: type=2000 audit(1523063974.721:1): initialized
[   29.076359] tsc: Refined TSC clocksource calibration: 3593.310 MHz
[   29.283826] clocksource: tsc: mask: 0xffffffffffffffff max_cycles: 0x33cba3d93cd, max_idle_ns: 440795305336 ns
[   29.571508] Initialise system trusted keyring
[   29.725109] HugeTLB registered 2 MB page size, pre-allocated 0 pages
[   30.019107] zbud: loaded
[   30.138873] VFS: Disk quotas dquot_6.6.0
[   30.299342] VFS: Dquot-cache hash table entries: 1024 (order 0, 4096 bytes)
[   30.575080] squashfs: version 4.0 (2009/01/31) Phillip Lougher
[   30.835071] fuse init (API version 7.23)
[   31.014406] Key type big_key registered
[   31.148879] Allocating IMA MOK and blacklist keyrings.
[   31.307717] Key type asymmetric registered
[   31.443810] Asymmetric key parser 'x509' registered
[   31.622120] bounce: pool size: 64 pages
[   31.697114] Block layer SCSI generic (bsg) driver version 0.4 loaded (major 249)
[   31.698554] io scheduler noop registered
[   31.703136] io scheduler deadline registered (default)
[   31.704060] io scheduler cfq registered
[   31.704922] pci_hotplug: PCI Hot Plug PCI Core version: 0.5
[   31.705898] pciehp: PCI Express Hot Plug Controller Driver version: 0.4
[   31.707106] ACPI: AC Adapter [AC] (on-line)
[   31.707932] input: Power Button as /devices/LNXSYSTM:00/LNXPWRBN:00/input/input0
[   31.709311] ACPI: Power Button [PWRF]
[   31.722977] input: Sleep Button as /devices/LNXSYSTM:00/LNXSLPBN:00/input/input1
[   31.724360] ACPI: Sleep Button [SLPF]
[   31.725195] GHES: HEST is not enabled!
[   31.725930] isapnp: Scanning for PnP cards...
[   31.732310] Serial: 8250/16550 driver, 32 ports, IRQ sharing enabled
[   31.754632] 00:02: ttyS0 at I/O 0x3f8 (irq = 4, base_baud = 115200) is a 16550A
[   32.334133] Linux agpgart interface v0.103
[   32.504863] isapnp: No Plug & Play device found
[   32.631093] loop: module loaded
[   32.733909] scsi host0: ata_piix
[   32.897778] scsi host1: ata_piix
[   33.049062] ata1: PATA max UDMA/33 cmd 0x1f0 ctl 0x3f6 bmdma 0xd000 irq 14
[   33.317692] ata2: PATA max UDMA/33 cmd 0x170 ctl 0x376 bmdma 0xd008 irq 15
[   33.403762] libphy: Fixed MDIO Bus: probed
[   33.404525] tun: Universal TUN/TAP device driver, 1.6
[   33.405400] tun: (C) 1999-2004 Max Krasnyansky <maxk@qualcomm.com>
[   33.406506] PPP generic driver version 2.4.2
[   33.407357] ehci_hcd: USB 2.0 'Enhanced' Host Controller (EHCI) Driver
[   33.408411] ehci-pci: EHCI PCI platform driver
[   33.409230] ehci-platform: EHCI generic platform driver
[   33.410167] ohci_hcd: USB 1.1 'Open' Host Controller (OHCI) Driver
[   33.539891] ohci-pci: OHCI PCI platform driver
[   33.714373] ohci-platform: OHCI generic platform driver
[   33.946961] uhci_hcd: USB Universal Host Controller Interface driver
[   34.207050] i8042: PNP: PS/2 Controller [PNP0303:PS2K,PNP0f03:PS2M] at 0x60,0x64 irq 1,12
[   34.498593] serio: i8042 KBD port at 0x60,0x64 irq 1
[   34.730925] serio: i8042 AUX port at 0x60,0x64 irq 12
[   34.964218] mousedev: PS/2 mouse device common for all mice
[   35.170385] input: AT Translated Set 2 keyboard as /devices/platform/i8042/serio0/input/input2
[   35.597467] rtc_cmos rtc_cmos: rtc core: registered rtc_cmos as rtc0
[   35.919053] rtc_cmos rtc_cmos: alarms up to one day, 114 bytes nvram
[   36.211157] i2c /dev entries driver
[   36.353436] device-mapper: uevent: version 1.0.3
[   36.507768] device-mapper: ioctl: 4.34.0-ioctl (2015-10-28) initialised: dm-devel@redhat.com
[   36.878161] platform eisa.0: Probing EISA bus 0
[   37.097783] platform eisa.0: EISA: Cannot allocate resource for mainboard
[   37.447056] platform eisa.0: Cannot allocate resource for EISA slot 1
[   37.664255] platform eisa.0: Cannot allocate resource for EISA slot 2
[   37.898249] platform eisa.0: Cannot allocate resource for EISA slot 3
[   38.217874] platform eisa.0: Cannot allocate resource for EISA slot 4
[   38.539075] platform eisa.0: Cannot allocate resource for EISA slot 5
[   38.730581] platform eisa.0: Cannot allocate resource for EISA slot 6
[   38.731609] platform eisa.0: Cannot allocate resource for EISA slot 7
[   38.732607] platform eisa.0: Cannot allocate resource for EISA slot 8
[   38.733627] platform eisa.0: EISA: Detected 0 cards
[   38.734481] cpufreq-nforce2: No nForce2 chipset.
[   38.742947] ledtrig-cpu: registered to indicate activity on CPUs
[   38.744211] NET: Registered protocol family 10
[   38.745193] NET: Registered protocol family 17
[   38.746013] Key type dns_resolver registered
[   38.746935] Using IPI No-Shortcut mode
[   38.747773] registered taskstats version 1
[   38.748518] Loading compiled-in X.509 certificates
[   38.751699] Loaded X.509 cert 'Build time autogenerated kernel key: cd25daf5f2c6791a52e12acbf66969414c24a779'
[   38.753342] zswap: loaded using pool lzo/zbud
[   38.755771] Key type trusted registered
[   38.760570] Key type encrypted registered
[   38.764004] AppArmor: AppArmor sha1 policy hashing enabled
[   38.764907] ima: No TPM chip found, activating TPM-bypass!
[   38.765888] evm: HMAC attrs: 0x1
[   38.766765]   Magic number: 14:884:305
[   38.767512] tty tty34: hash matches
[   38.768229] rtc_cmos rtc_cmos: setting system clock to 2018-04-07 01:20:03 UTC (1523064003)
[   38.769777] BIOS EDD facility v0.16 2004-Jun-25, 0 devices found
[   38.770742] EDD information not available.
[   38.772027] Freeing unused kernel memory: 948K
[   38.778247] Write protecting the kernel text: 8016k
[   38.784485] Write protecting the kernel read-only data: 3176k
[   38.785449] NX-protecting the kernel data: 6320k
Loading, please wait...
starting version[   38.798047] random: udevadm: uninitialized urandom read (16 bytes read, 4 bits of entropy available)
 229
[   38.802936] random: systemd-udevd: uninitialized urandom read (16 bytes read, 4 bits of entropy available)
[   38.806122] random: systemd-udevd: uninitialized urandom read (16 bytes read, 4 bits of entropy available)
[   38.817169] random: systemd-udevd: uninitialized urandom read (16 bytes read, 4 bits of entropy available)
[   38.905256] random: udevadm: uninitialized urandom read (16 bytes read, 4 bits of entropy available)
[   38.937677] random: udevadm: uninitialized urandom read (16 bytes read, 4 bits of entropy available)
[   38.939344] random: udevadm: uninitialized urandom read (16 bytes read, 4 bits of entropy available)
[   38.952879] random: udevadm: uninitialized urandom read (16 bytes read, 4 bits of entropy available)
[   39.047651] random: udevadm: uninitialized urandom read (16 bytes read, 4 bits of entropy available)
[   39.089796] random: udevadm: uninitialized urandom read (16 bytes read, 4 bits of entropy available)
[   39.143773] e1000: Intel(R) PRO/1000 Network Driver - version 7.3.21-k8-NAPI
[   39.447135] e1000: Copyright (c) 1999-2006 Intel Corporation.
[   39.715581] Fusion MPT base driver 3.04.20
[   39.886793] Copyright (c) 1999-2008 LSI Corporation
[   39.974222] Fusion MPT SPI Host driver 3.04.20
[   40.115294] input: ImExPS/2 Generic Explorer Mouse as /devices/platform/i8042/serio1/input/input4
[   40.532936] mptbase: ioc0: Initiating bringup
[   40.729434] ioc0: LSI53C1030 A0: Capabilities={Initiator}
[   41.065301] scsi host2: ioc0: LSI53C1030 A0, FwRev=00000000h, Ports=1, MaxQ=256, IRQ=20
[   41.487495] scsi 2:0:0:0: Direct-Access     VBOX     HARDDISK         1.0  PQ: 0 ANSI: 5
[   41.947658] scsi target2:0:0: Beginning Domain Validation
[   42.216749] scsi target2:0:0: Domain Validation skipping write tests
[   42.499325] scsi target2:0:0: Ending Domain Validation
[   42.899610] scsi target2:0:0: asynchronous
[   43.045970] floppy0: no floppy controllers found
[   43.046837] work still pending
[   43.048945] scsi 2:0:1:0: Direct-Access     VBOX     HARDDISK         1.0  PQ: 0 ANSI: 5
[   43.261955] scsi target2:0:1: Beginning Domain Validation
[   43.305603] e1000 0000:00:03.0 eth0: (PCI:33MHz:32-bit) 02:43:fb:3a:dc:1d
[   43.307799] e1000 0000:00:03.0 eth0: Intel(R) PRO/1000 Network Connection
[   43.310811] scsi target2:0:1: Domain Validation skipping write tests
[   43.315803] scsi target2:0:1: Ending Domain Validation
[   43.316763] scsi target2:0:1: asynchronous
[   43.321627] sd 2:0:0:0: Attached scsi generic sg0 type 0
[   43.484039] sd 2:0:0:0: [sda] 20971520 512-byte logical blocks: (10.7 GB/10.0 GiB)
[   43.759265] sd 2:0:1:0: Attached scsi generic sg1 type 0
[   44.005153] sd 2:0:1:0: [sdb] 20480 512-byte logical blocks: (10.5 MB/10.0 MiB)
[   44.548789] sd 2:0:0:0: [sda] Write Protect is off
[   44.618265] sd 2:0:0:0: [sda] Incomplete mode parameter data
[   44.633142] sd 2:0:0:0: [sda] Assuming drive cache: write through
[   44.675800]  sda: sda1
[   44.743249] sd 2:0:0:0: [sda] Attached SCSI disk
[   44.762630] sd 2:0:1:0: [sdb] Write Protect is off
[   44.982469] sd 2:0:1:0: [sdb] Incomplete mode parameter data
[   45.211279] sd 2:0:1:0: [sdb] Assuming drive cache: write through
[   45.306851] e1000 0000:00:08.0 eth1: (PCI:33MHz:32-bit) 08:00:27:7b:02:ef
[   45.608031] e1000 0000:00:08.0 eth1: Intel(R) PRO/1000 Network Connection
[   45.866883] e1000 0000:00:08.0 enp0s8: renamed from eth1
[   46.160972] e1000 0000:00:03.0 enp0s3: renamed from eth0
[   46.364683] sd 2:0:1:0: [sdb] Attached SCSI disk
Begin: Loading e[   48.034884] md: linear personality registered for level -1
ssential drivers[   48.357038] md: multipath personality registered for level -4
 ... [   48.584097] md: raid0 personality registered for level 0
[   48.730007] md: raid1 personality registered for level 1
[   49.005335] raid6: mmxx1    gen()  3018 MB/s
[   49.221260] raid6: mmxx2    gen()  4256 MB/s
[   49.437752] raid6: sse1x1   gen()  2938 MB/s
[   49.665299] raid6: sse1x2   gen()  3814 MB/s
[   49.842008] raid6: sse2x1   gen()  4823 MB/s
[   49.933344] raid6: sse2x1   xor()  2762 MB/s
[   50.025320] raid6: sse2x2   gen()  5776 MB/s
[   50.229906] raid6: sse2x2   xor()  3366 MB/s
[   50.393260] raid6: using algorithm sse2x2 gen() 5776 MB/s
[   50.627831] raid6: .... xor() 3366 MB/s, rmw enabled
[   50.781863] raid6: using ssse3x1 recovery algorithm
[   50.979908] xor: automatically using best checksumming function:
[   51.297818]    avx       :  1025.000 MB/sec
[   51.481972] async_tx: api initialized (async)
[   51.715131] md: raid6 personality registered for level 6
[   51.875150] md: raid5 personality registered for level 5
[   52.097923] md: raid4 personality registered for level 4
[   52.348679] md: raid10 personality registered for level 10
done.
Begin: Running /scripts/init-p[   52.694278] Btrfs loaded
remount ... done.
Begin: Mounting root file system ... Begin: Running /scripts/local-top ... done.
Begin: Running /scripts/local-premount ... Scanning for Btrfs filesystems
done.
Warning: fsck not present, so skipping root file system
[   52.864179] EXT4-fs (sda1): mounted filesystem with ordered data mode. Opts: (null)
done.
Begin: Running /scripts/local-bottom ... done.
Begin: Running /scripts/init-bottom ... done.
[   53.570652] systemd[1]: systemd 229 running in system mode. (+PAM +AUDIT +SELINUX +IMA +APPARMOR +SMACK +SYSVINIT +UTMP +LIBCRYPTSETUP +GCRYPT +GNUTLS +ACL +XZ -LZ4 +SECCOMP +BLKID +ELFUTILS +KMOD -IDN)
[   54.300632] systemd[1]: Detected virtualization oracle.
[   54.491999] systemd[1]: Detected architecture x86.

Welcome to [1mUbuntu 16.04.4 LTS[0m!

[   54.726747] systemd[1]: Set hostname to <ubuntu>.
[   54.745674] systemd[1]: Initializing machine ID from random generator.
[   54.967820] systemd[1]: Installed transient /etc/machine-id file.
[   55.156540] random: nonblocking pool is initialized
[   56.014674] systemd[1]: Listening on Device-mapper event daemon FIFOs.
[[0;32m  OK  [0m] Listening on Device-mapper event daemon FIFOs.
[   56.333767] systemd[1]: Reached target Swap.
[[0;32m  OK  [0m] Reached target Swap.
[   56.545724] systemd[1]: Started Trigger resolvconf update for networkd DNS.
[[0;32m  OK  [0m] Started Trigger resolvconf update for networkd DNS.
[   56.977973] systemd[1]: Created slice System Slice.
[[0;32m  OK  [0m] Created slice System Slice.
[   57.214254] systemd[1]: Set up automount Arbitrary Executable File Formats File System Automount Point.
[[0;32m  OK  [0m] Set up automount Arbitrary Executab...ats File System Automount Point.
[   57.229480] systemd[1]: Listening on LVM2 metadata daemon socket.
[[0;32m  OK  [0m] Listening on LVM2 metadata daemon socket.
[   57.231601] systemd[1]: Started Forward Password Requests to Wall Directory Watch.
[[0;32m  OK  [0m] Started Forward Password Requests to Wall Directory Watch.
[   57.237890] systemd[1]: Listening on Journal Audit Socket.
[[0;32m  OK  [0m] Listening on Journal Audit Socket.
[   57.256111] systemd[1]: Listening on udev Kernel Socket.
[[0;32m  OK  [0m] Listening on udev Kernel Socket.
[   57.269295] systemd[1]: Reached target User and Group Name Lookups.
[[0;32m  OK  [0m] Reached target User and Group Name Lookups.
[   57.446015] systemd[1]: Created slice User and Session Slice.
[[0;32m  OK  [0m] Created slice User and Session Slice.
[   57.693833] systemd[1]: Reached target Slices.
[[0;32m  OK  [0m] Reached target Slices.
[   57.722025] systemd[1]: Reached target Encrypted Volumes.
[[0;32m  OK  [0m] Reached target Encrypted Volumes.
[   57.725073] systemd[1]: Listening on Syslog Socket.
[[0;32m  OK  [0m] Listening on Syslog Socket.
[   57.941525] systemd[1]: Listening on LVM2 poll daemon socket.
[[0;32m  OK  [0m] Listening on LVM2 poll daemon socket.
[   57.954020] systemd[1]: Created slice system-serial\x2dgetty.slice.
[[0;32m  OK  [0m] Created slice system-serial\x2dgetty.slice.
[   58.020695] systemd[1]: Listening on Journal Socket (/dev/log).
[[0;32m  OK  [0m] Listening on Journal Socket (/dev/log).
[   58.023610] systemd[1]: Reached target System Time Synchronized.
[[0;32m  OK  [0m] Reached target System Time Synchronized.
[   58.026548] systemd[1]: Listening on udev Control Socket.
[[0;32m  OK  [0m] Listening on udev Control Socket.
[   58.041459] systemd[1]: Listening on /dev/initctl Compatibility Named Pipe.
[[0;32m  OK  [0m] Listening on /dev/initctl Compatibility Named Pipe.
[   58.243452] systemd[1]: Listening on Journal Socket.
[[0;32m  OK  [0m] Listening on Journal Socket.
[   58.461013] systemd[1]: Starting Load Kernel Modules...
         Starting Load Kernel Modules...
[   58.619529] systemd[1]: Starting Journal Service...
         Starting Journal Service...
[   58.642426] systemd[1]: Mounting Debug File System...
         Mounting Debug File System...
[   58.657199] systemd[1]: Starting Create list of required static device nodes for the current kernel...
         Starting Create list of required st... nodes for the current kernel...
[   58.675914] systemd[1]: Starting Uncomplicated firewall...
[   58.694984] Loading iSCSI transport class v2.0-870.
         Starting Uncomplicated firewall...
[   58.906901] systemd[1]: Starting Set console keymap...
[   59.130893] iscsi: registered transport (tcp)
         Starting Set console keymap...
[   59.399056] systemd[1]: Mounting POSIX Message Queue File System...
         [   59.630218] iscsi: registered transport (iser)
Mounting POSIX Message Queue File System...
[   59.842281] systemd[1]: Starting Monitoring of LVM2 mirrors, snapshots etc. using dmeventd or progress polling...
         Starting Monitoring of LVM2 mirrors... dmeventd or progress polling...
[   60.320129] systemd[1]: Mounting Huge Pages File System...
         Mounting Huge Pages File System...
[   60.518830] systemd[1]: Starting Remount Root and Kernel File Systems...
         Starting Remount Root and Kernel File Systems...[   60.583775] EXT4-fs (sda1): re-mounted. Opts: (null)

[   60.862409] systemd[1]: Starting Nameserver information manager...
         Starting Nameserver information manager...
[   61.135688] systemd[1]: Mounted POSIX Message Queue File System.
[[0;32m  OK  [0m] Mounted POSIX Message Queue File System.
[   61.441580] systemd[1]: Mounted Debug File System.
[[0;32m  OK  [0m] Mounted Debug File System.
[   61.709641] systemd[1]: Mounted Huge Pages File System.
[[0;32m  OK  [0m] Mounted Huge Pages File System.
[   61.787765] systemd[1]: Started Journal Service.
[[0;32m  OK  [0m] Started Journal Service.
[[0;32m  OK  [0m] Started Load Kernel Modules.
[[0;32m  OK  [0m] Started Create list of required sta...ce nodes for the current kernel.
[[0;32m  OK  [0m] Started Uncomplicated firewall.
[[0;32m  OK  [0m] Started Set console keymap.
[[0;32m  OK  [0m] Started Remount Root and Kernel File Systems.
[[0;32m  OK  [0m] Started Nameserver information manager.
[[0;32m  OK  [0m] Started LVM2 metadata daemon.
         Starting udev Coldplug all Devices...
         Starting Initial cloud-init job (pre-networking)...
         Starting Load/Save Random Seed...
         Starting Create Static Device Nodes in /dev...
         Mounting FUSE Control File System...
         Starting Apply Kernel Variables...
         Starting Flush Journal to Persistent Storage...
[[0;32m  OK  [0m] Mounted FUSE Control File System.
[[0;32m  OK  [0m] Started Monitoring of LVM2 mirrors,...ng dmeventd or progress polling.
[[0;32m  OK  [0m] Started Load/Save Random Seed.
[[0;32m  OK  [0m] Started Apply Kernel Variables.
[[0;32m  OK  [0m] Started udev Coldplug all Devices.
[[0;32m  OK  [0m] Started Create Static Device Nodes in /dev.
[[0;32m  OK  [0m] Started Flush Journal to Persistent Storage.
         Starting udev Kernel Device Manager...
[[0;32m  OK  [0m] Started udev Kernel Device Manager.
[[0;32m  OK  [0m] Reached target Local File Systems (Pre).
[[0;32m  OK  [0m] Reached target Local File Systems.
         Starting Tell Plymouth To Write Out Runtime Data...
         Starting LSB: AppArmor initialization...
         Starting Set console font and keymap...
         Starting Commit a transient machine-id on disk...
         Starting Create Volatile Files and Directories...
[[0;32m  OK  [0m] Started Dispatch Password Requests to Console Directory Watch.
[[0;32m  OK  [0m] Started Tell Plymouth To Write Out Runtime Data.
[[0;32m  OK  [0m] Started Commit a transient machine-id on disk.
[[0;32m  OK  [0m] Started Create Volatile Files and Directories.
[[0;32m  OK  [0m] Found device /dev/ttyS0.
         Starting Update UTMP about System Boot/Shutdown...
[[0;32m  OK  [0m] Started Update UTMP about System Boot/Shutdown.
[[0;32m  OK  [0m] Started Set console font and keymap.
[[0;32m  OK  [0m] Created slice system-getty.slice.
[[0;32m  OK  [0m] Listening on Load/Save RF Kill Switch Status /dev/rfkill Watch.
[   43.289255] cloud-init[450]: Cloud-init v. 17.2 running 'init-local' at Sat, 07 Apr 2018 01:20:30 +0000. Up 42.53 seconds.
[[0;32m  OK  [0m] Started Initial cloud-init job (pre-networking).
[[0;32m  OK  [0m] Reached target Network (Pre).
[[0;32m  OK  [0m] Started LSB: AppArmor initialization.
         Starting Raise network interfaces...
[[0;32m  OK  [0m] Started Raise network interfaces.
         Starting Initial cloud-init job (metadata service crawler)...
[[0;32m  OK  [0m] Reached target Network.
[   46.533779] cloud-init[957]: Cloud-init v. 17.2 running 'init' at Sat, 07 Apr 2018 01:20:32 +0000. Up 44.49 seconds.
[   46.656830] cloud-init[957]: ci-info: ++++++++++++++++++++++++++++++++++++++Net device info++++++++++++++++++++++++++++++++++++++
[[0;32m  OK  [0m] Started Initial cloud-init job (metadata service crawler).
[   46.779344] cloud-init[957]: ci-info: +--------+-------+----------------------------+---------------+-------+-------------------+
[   46.814322] cloud-init[957]: ci-info: | Device |   Up  |          Address           |      Mask     | Scope |     Hw-Address    |
[   46.828793] cloud-init[957]: ci-info: +--------+-------+----------------------------+---------------+-------+-------------------+
[   46.832834] cloud-init[957]: ci-info: | enp0s3 |  True |         10.0.2.15          | 255.255.255.0 |   .   | 02:43:fb:3a:dc:1d |
[[0;32m  OK  [0m] Reached target Cloud-config availability.
[[0;32m  OK  [0m] Reached target Network is Online.
[   46.870291] cloud-init[957]: ci-info: | enp0s3 |  True | fe80::43:fbff:fe3a:dc1d/64 |       .       |  link | 02:43:fb:3a:dc:1d |
         Starting iSCSI initiator daemon (iscsid)...
[[0;32m  OK  [0m] Reached target System Initialization.
[   46.964195] cloud-init[957]: ci-info: | enp0s8 | False |             .              |       .       |   .   | 08:00:27:7b:02:ef |[[0;32m  OK  [0m] Listening on ACPID Listen Socket.
[[0;32m  OK  [0m] Started Daily Cleanup of Temporary Directories.
         Starting Socket activation for snappy daemon.
[[0;32m  OK  [0m] Listening on D-Bus System Message Bus Socket.
[[0;32m  OK  [0m] Started Daily apt download activities.
[[0;32m  OK  [0m] Started Daily apt upgrade and clean activities.

[   47.252815] cloud-init[957]: ci-info: |   lo   |  True |         127.0.0.1          |   255.0.0.0   |   .   |         .         |
         Starting LXD - unix socket.
[[0;32m  OK  [0m] Listening on UUID daemon activation socket.
[   47.338354] cloud-init[957]: ci-info: |   lo   |  True |          ::1/128           |       .       |  host |         .         |
[   47.354780] cloud-init[957]: ci-info: +--------+-------+----------------------------+---------------+-------+-------------------+
[   47.355028] cloud-init[957]: ci-info: +++++++++++++++++++++++++++Route IPv4 info++++++++++++++++++++++++++++
[   47.355094] cloud-init[957]: ci-info: +-------+-------------+----------+---------------+-----------+-------+
[   47.355159] cloud-init[957]: ci-info: | Route | Destination | Gateway  |    Genmask    | Interface | Flags |
[   47.355223] cloud-init[957]: ci-info: +-------+-------------+----------+---------------+-----------+-------+
[   47.355289] cloud-init[957]: ci-info: |   0   |   0.0.0.0   | 10.0.2.2 |    0.0.0.0    |   enp0s3  |   UG  |
[   47.355351] cloud-init[957]: ci-info: |   1   |   10.0.2.0  | 0.0.0.0  | 255.255.255.0 |   enp0s3  |   U   |
[   47.355413] cloud-init[957]: ci-info: +-------+-------------+----------+---------------+-----------+-------+
[   47.355786] cloud-init[957]: Generating public/private rsa key pair.
[   47.355854] cloud-init[957]: Your identification has been saved in /etc/ssh/ssh_host_rsa_key.
[   47.355921] cloud-init[957]: Your public key has been saved in /etc/ssh/ssh_host_rsa_key.pub.
[   47.355982] cloud-init[957]: The key fingerprint is:
[   47.356044] cloud-init[957]: SHA256:upUV5BBl4/9ArAlpf4adxdIvzjpMri9eBlnqDyeuawc root@ubuntu-xenial
[   47.356107] cloud-init[957]: The key's randomart image is:
[   47.356165] cloud-init[957]: +---[RSA 2048]----+
[   47.356224] cloud-init[957]: |        oo=      |
[   47.356283] cloud-init[957]: |         B o o   |
[   47.356342] cloud-init[957]: |        + + = +  |
[   47.356401] cloud-init[957]: |       . o % + . |
[   47.356462] cloud-init[957]: |        S X B . .|
[   47.356521] cloud-init[957]: |       .E+ +.= . |
[   47.356583] cloud-init[957]: |      . o.+++ +  |
[   47.356642] cloud-init[957]: |       o..oB+.   |
[   47.356699] cloud-init[957]: |      ..o=+++.   |
[   47.356758] cloud-init[957]: +----[SHA256]-----+
[   47.356816] cloud-init[957]: Generating public/private dsa key pair.
[   47.356876] cloud-init[957]: Your identification has been saved in /etc/ssh/ssh_host_dsa_key.
[   47.356935] cloud-init[957]: Your public key has been saved in /etc/ssh/ssh_host_dsa_key.pub.
[   47.356994] cloud-init[957]: The key fingerprint is:
[   47.357057] cloud-init[957]: SHA256:ez2M7FDTbyp5xMevcP/QCzL0Z+37WTfLEdtspyXnpJ4 root@ubuntu-xenial
[   47.357118] cloud-init[957]: The key's randomart image is:
[   47.357176] cloud-init[957]: +---[DSA 1024]----+
[   47.357235] cloud-init[957]: |                 |
[   47.357294] cloud-init[957]: |                 |
[   47.357352] cloud-init[957]: |                 |
[   47.357409] cloud-init[957]: |           .     |
[   47.357467] cloud-init[957]: |        S oo.. . |
[   47.357526] cloud-init[957]: |         +.=+.oo=|
[   47.357583] cloud-init[957]: |        o +==+*B&|
[   47.357646] cloud-init[957]: |         +o +*=#@|
[   47.357704] cloud-init[957]: |          .o..EBX|
[   47.357766] cloud-init[957]: +----[SHA256]-----+
[   47.357823] cloud-init[957]: Generating public/private ecdsa key pair.
[   47.357883] cloud-init[957]: Your identification has been saved in /etc/ssh/ssh_host_ecdsa_key.
[   47.357943] cloud-init[957]: Your public key has been saved in /etc/ssh/ssh_host_ecdsa_key.pub.
[   47.358004] cloud-init[957]: The key fingerprint is:
[   47.358060] cloud-init[957]: SHA256:oK/jGFo4+UH0fOKsYVhwOzYfg/7mVal4pcSLt91Z/Dk root@ubuntu-xenial
[   47.358120] cloud-init[957]: The key's randomart image is:
[   47.358177] cloud-init[957]: +---[ECDSA 256]---+
[   47.358237] cloud-init[957]: |                 |
[   47.358292] cloud-init[957]: |                 |
[   47.358350] cloud-init[957]: |. o   .          |
[   47.358410] cloud-init[957]: | + = o . .       |
[   47.358468] cloud-init[957]: |  O B + S        |
[   47.358526] cloud-init[957]: | O * X *   .     |
[   47.358584] cloud-init[957]: |= B * O     o    |
[   47.358898] cloud-init[957]: | * Bo= o . o .E. |
[   47.760514] cloud-init[957]: |. ++=.. . o   o. |
[[0;32m  OK  [0m] Started ACPI Events Check.
[[0;32m  OK  [0m] Reached target Paths.
[   47.778744] cloud-init[957]: +----[SHA256]-----+
[   47.812797] cloud-init[957]: Generating public/private ed25519 key pair.
[   47.821499] cloud-init[957]: Your identification has been saved in /etc/ssh/ssh_host_ed25519_key.
[[0;32m  OK  [0m] Started Timer to automatically refresh installed snaps.
[[0;32m  OK  [0m] Reached target Timers.
[   47.835102] cloud-init[957]: Your public key has been saved in /etc/ssh/ssh_host_ed25519_key.pub.
[   47.849618] cloud-init[957]: The key fingerprint is:
[   47.852236] cloud-init[957]: SHA256:oF9wXI/JTt+wtMVofaMNTvP2Y8YZp6rKx0tMkHYU5XE root@ubuntu-xenial
[[   47.928532] cloud-init[957]: The key's randomart image is:
[   47.928883] cloud-init[957]: +--[ED25519 256]--+
[   47.928982] cloud-init[957]: |          +oo E  |
[   47.929078] cloud-init[957]: |       . = = *   |
[   47.929174] cloud-init[957]: |      o * * B++..|
[   47.929268] cloud-init[957]: |     . = = +o**..|
[   47.929363] cloud-init[957]: |    .   S o +o.=.|
[   47.929458] cloud-init[957]: |     . . o    o.=|
[   47.929550] cloud-init[957]: |      .  .o   .*.|
[   47.929643] cloud-init[957]: |       . .o  .o .|
[   47.930271] cloud-init[957]: |        oooo.    |
[   47.930382] cloud-init[957]: +----[SHA256]-----+
[0;32m  OK  [0m] Listening on Socket activation for snappy daemon.
[[0;32m  OK  [0m] Listening on LXD - unix socket.
[[0;32m  OK  [0m] Started iSCSI initiator daemon (iscsid).
         Starting Login to default iSCSI targets...
[[0;32m  OK  [0m] Reached target Sockets.
[[0;32m  OK  [0m] Reached target Basic System.
[[0;32m  OK  [0m] Started Unattended Upgrades Shutdown.
         Starting LSB: Record successful boot for GRUB...
         Starting LXD - container startup/shutdown...
[[0;32m  OK  [0m] Started FUSE filesystem for LXC.
         Starting Apply the settings specified in cloud-config...
[[0;32m  OK  [0m] Started ACPI event daemon.
         Starting Accounts Service...
[[0;32m  OK  [0m] Started Deferred execution scheduler.
         Starting LSB: MD monitoring daemon...
[[0;32m  OK  [0m] Started D-Bus System Message Bus.
         Starting System Logging Service...
[[0;32m  OK  [0m] Started Regular background program processing daemon.
         Starting Pollinate to seed the pseudo random number generator...
         Starting Virtualbox guest utils...
         Starting /etc/rc.local Compatibility...
         Starting Login Service...
[   49.059304] cloud-init[1073]: Generating locales (this might take a while)...
         Starting Snappy daemon...
[[0;32m  OK  [0m] Started System Logging Service.
[[0;32m  OK  [0m] Started /etc/rc.local Compatibility.
         Starting Authenticate and Authorize Users to Run Privileged Tasks...
[[0;32m  OK  [0m] Started LSB: Record successful boot for GRUB.
[[0;32m  OK  [0m] Started Login Service.
[[0;32m  OK  [0m] Started Login to default iSCSI targets.
[[0;32m  OK  [0m] Started LSB: MD monitoring daemon.
[[0;32m  OK  [0m] Started LXD - container startup/shutdown.
[[0;32m  OK  [0m] Started Authenticate and Authorize Users to Run Privileged Tasks.
[[0;32m  OK  [0m] Started Accounts Service.
[[0;32m  OK  [0m] Reached target Remote File Systems (Pre).
[[0;32m  OK  [0m] Reached target Remote File Systems.
         Starting Permit User Sessions...
         Starting LSB: Set the CPU Frequency Scaling governor to "ondemand"...
         Starting LSB: automatic crash report generation...
         Starting LSB: daemon to balance interrupts for SMP systems...
[[0;32m  OK  [0m] Started Permit User Sessions.
[[0;32m  OK  [0m] Started Virtualbox guest utils.
         Starting Terminate Plymouth Boot Screen...
         Starting Hold until boot process finishes up...
[[0;32m  OK  [0m] Started LSB: Set the CPU Frequency Scaling governor to "ondemand".
[[0;32m  OK  [0m] Started Terminate Plymouth Boot Screen.
[[0;32m  OK  [0m] Started Hold until boot process finishes up.
[[0;32m  OK  [0m] Started LSB: automatic crash report generation.
[[0;32m  OK  [0m] Started LSB: daemon to balance interrupts for SMP systems.
         Starting Set console scheme...
[[0;32m  OK  [0m] Started Serial Getty on ttyS0.
[[0;32m  OK  [0m] Started Getty on tty1.
[[0;32m  OK  [0m] Reached target Login Prompts.
[[0;32m  OK  [0m] Started Snappy daemon.
[[0;32m  OK  [0m] Started Set console scheme.
[   50.936452] cloud-init[1073]:   en_US.UTF-8... done
[   50.964757] cloud-init[1073]: Generation complete.
[[0;32m  OK  [0m] Started Pollinate to seed the pseudo random number generator.
         Starting OpenBSD Secure Shell server...
[[0;32m  OK  [0m] Started OpenBSD Secure Shell server.
[[0;32m  OK  [0m] Reached target Multi-User System.
[[0;32m  OK  [0m] Reached target Graphical Interface.
         Starting Update UTMP about System Runlevel Changes...
[[0;32m  OK  [0m] Started Update UTMP about System Runlevel Changes.
[[0;32m  OK  [0m] Created slice User Slice of vagrant.
         Starting User Manager for UID 1000...
[[0;32m  OK  [0m] Started Session 1 of user vagrant.
[[0;32m  OK  [0m] Started User Manager for UID 1000.
[   52.575072] cloud-init[1073]: Cloud-init v. 17.2 running 'modules:config' at Sat, 07 Apr 2018 01:20:36 +0000. Up 48.54 seconds.
[[0;32m  OK  [0m] Started Apply the settings specified in cloud-config.
         Starting Execute cloud user/final scripts...
ci-info: no authorized ssh keys fingerprints found for user ubuntu.
<14>Apr  7 01:20:41 ec2: 
<14>Apr  7 01:20:41 ec2: #############################################################
<14>Apr  7 01:20:41 ec2: -----BEGIN SSH HOST KEY FINGERPRINTS-----
<14>Apr  7 01:20:41 ec2: 1024 SHA256:ez2M7FDTbyp5xMevcP/QCzL0Z+37WTfLEdtspyXnpJ4 root@ubuntu-xenial (DSA)
<14>Apr  7 01:20:41 ec2: 256 SHA256:oK/jGFo4+UH0fOKsYVhwOzYfg/7mVal4pcSLt91Z/Dk root@ubuntu-xenial (ECDSA)
<14>Apr  7 01:20:41 ec2: 256 SHA256:oF9wXI/JTt+wtMVofaMNTvP2Y8YZp6rKx0tMkHYU5XE root@ubuntu-xenial (ED25519)
<14>Apr  7 01:20:41 ec2: 2048 SHA256:upUV5BBl4/9ArAlpf4adxdIvzjpMri9eBlnqDyeuawc root@ubuntu-xenial (RSA)
<14>Apr  7 01:20:41 ec2: -----END SSH HOST KEY FINGERPRINTS-----
<14>Apr  7 01:20:41 ec2: #############################################################
-----BEGIN SSH HOST KEY KEYS-----
ecdsa-sha2-nistp256 AAAAE2VjZHNhLXNoYTItbmlzdHAyNTYAAAAIbmlzdHAyNTYAAABBBFsmMFezmgvehKDLyt7QSlLoEDtPfApGwuiCXrX75bluEDmR9mSE3b/YRABb0XLy9olC4vXyc02yuLIhjxEe4O8= root@ubuntu-xenial
ssh-ed25519 AAAAC3NzaC1lZDI1NTE5AAAAINNsrCZpQMwI19wRVBzCNMyM9NuWzX8/rRvCQTMmcX6w root@ubuntu-xenial
ssh-rsa AAAAB3NzaC1yc2EAAAADAQABAAABAQC0+8tPkOj3CO9Mq10c0Ke/swMKFC7Mj/bSEDj7XiBSuvXxRm/LQDGctlhjnGxggL6ROVHaKcaPY2tJDaxVlbRypZulwALcIZq5aXgxvDRe3i6Y63yEPTabAGBusVBpf4p/YdWLds9HFTY758F7nch7bo9M86oE6INav2h2SdZBQ1kTq1ELjw5GO0qQ1XIshhyB2hnIqbCD8fhlSftJRvkRdYuieigbe+2gP0qKc/54YoK03eUNfL6idoUmCJryQkIm++JO0E9CMmJMm67n5uOO9yc7ccyfuKFBWVdxPkobR/fQZqeUSJnutYHPs+UPivF8FYTyu7/miY6nMgkLKYTr root@ubuntu-xenial
-----END SSH HOST KEY KEYS-----
[   54.444107] cloud-init[1400]: Cloud-init v. 17.2 running 'modules:final' at Sat, 07 Apr 2018 01:20:41 +0000. Up 53.43 seconds.
[   54.491947] cloud-init[1400]: ci-info: no authorized ssh keys fingerprints found for user ubuntu.
[   54.497496] cloud-init[1400]: Cloud-init v. 17.2 finished at Sat, 07 Apr 2018 01:20:42 +0000. Datasource DataSourceNoCloud [seed=/dev/sdb][dsmode=net].  Up 54.43 seconds
[[0;32m  OK  [0m] Started Execute cloud user/final scripts.
[[0;32m  OK  [0m] Reached target Cloud-init target.

Ubuntu 16.04.4 LTS ubuntu-xenial ttyS0

ubuntu-xenial login: 