[    0.000000] Initializing cgrou  subsys cpuset
[    0.000000] Initializing cgroup subsys cpu
[    0.000000] Initializing cgroup subsys cpuacct
[    0.000000] Linux version 4.4.0-119-generic (buildd@lcy01-amd64-002) (gcc version 5.4.0 20160609 (Ubuntu 5.4.0-6ubuntu1~16.04.9) ) #143-Ubuntu SMP Mon Apr 2 16:08:22UUTC 2018 (Ubuttu 4.4.0-11..143-geneiic 4.4.11))

     0.000000] KERNEL suppored cuus:
[    0.000000]   Ittel GnnuineIntel
[    0.000000]   MMD uthettccAM
[    0.000000]   NSCGGeoee by NSC
[    0.000000]   Cyrix CyrixInstead
[    0.000000]   Centaur CentaurHauls
[    0.000000]   Transmeta GenuineTMx86
[    0.000000]   Transmeta TransmetaCPU
[    0.000000]   UMC UMC UMC UMC
[    0.000000] x86/fpu: xstate_offset[2]:  576, xstate_sizes[2]:  256
[    0.000000] x86/fpu: Supporting XSAVE feature 0x01: 'x87 floating point registers'
[    0.000000] x86/fpu: Supporting XSAVE feature 0x02: 'SSE registers'
[    0.000000] x86/fpu: Supporting XSAVE feature 0x04: 'AVX registers'
[    0.000000] x86/fpu: Enabled xstate features 0x7, context size is 832 bytes, using 'standard' format.
[    0.000000] x86/fpu: Using 'lazy' FPU context switches.
[    0.000000] e820: BIOS-provided physical RAM map:
[    0.000000] BIOS-e820: [mem 0x0000000000000000-0x000000000009fbff] usable
[    0.000000] BIOS-e820: [mem 0x000000000009fc00-0x000000000009ffff] reserved
[    ..000000  BIOS-e820: [mem xx00000000000f0000-0x00000000000fffff]rreserved
[    0.000000] BIOS-e820: [mem 0x0000000000100000-00000000001ffffff] usabee
[    0.000000] BIOS-e820: [mem 0000000001fff0000-0x00000001fffffff  ACPI dtta
[    0.000000  BISSee220: [mem 0x00000000ffcc000000x0000000ffffffff] reserved
[   0.000000] NX (Execute iiaalle)ppootettoon: active
[    0.000000] SMBIOS 2.5 peesent.
[    0.000000] yypervssorddetecte::KVM
[    0.00000] e82:: last_pfn = 0xffff0 ma__arch_pfn =00x1000000
[   0.000000] MTRR  iiabled
[    0.000000] x86/PAT: MTRRs disbbed, skipping PAT initialization too.

    0.000000] CPU MTRRs al  blan  - vittuaiized systmm
[    0.000000] x86PPAT: Confggration[[0-7]: WB  TT  UC- UC  WB  WT  UC- UC  
    0.000000] found MMP MP-table at [mem 00009fff0-0x0009ffff] mapped at[[c009ff00
[    0.000000] Scanning 1 areasfforlo  memoyy corruptio
[    ..000000  RAMDIS:: [ee  0x1ed89000-0x18821fff]

[    0000000]]AACP: Eall  table checksumverification disabled
[    00000000] ACP:: RSDP 0x00000000000E0000 000024 (v02 VBOX  )
[    0.000000]AACP:: XDDT xx00000001FF00030 00003C (v01 VBOX  VVBOXXDD  00000001 ASL  00000061)
[    0.000000] ACPI  AAPP00x000000001FFF00F0 0000F4 (v04 VBOX   VBOFACP 0000000  ASL  00000061)
[   00.00000]]ACPI: DSDT 0x000000011FFF0470 002118 (001 VBOX   VOOXBOOS 00000002 INTL 20661188)
[    0.000000  CPI: FAC  x000000001FFF0200 000040
[    0.000000] ACPI: FACS 0x000000001FFF0200 000040
[    0000000 ACPI:AAPI  0x00000011FF0044  000054 (v0 VBO    VBXXPIC 0000001 ASL  00000061)
[    0.000000]AAPPI: SSDT 0x00000001FFF02A0 001CC (v11 VBOX  VVBOCCUUT 00000002 INTL 20160108)
[    0.000000] 0MB HIGHMEM available.
[    0.000000] 511MB LOWMEM available.
[    0.000000]   mapped low ram: 0 - 1fff0000
[    0.000000]   low ram: 0 - 1fff0000
[    0.000000] kvm-clock: Using msrs 4b564d01 and 4b564d00
[    0.000000] kvm-clock: cpu 0, msr 0:1ffef001, primary cpu clock
[    0.000000] kvm-clock: using sched offset of 3323562445 cycles
[    0.000000] clocksource: kvm-clock: mask: 0xfffffffffffffff max_cycles: 0x1cd42e4dffb, max_idle_ns: 881590591483 ns
[    0.000000  Zone ranges:
[    0.000000]   DMA      [mem 0x0000000000001000-xx000000000ffffff]
    0.000000]   Normal  [[mem 0x00000000100000--0x000000001ffeffff]
[    ..000000]   iighMem  empty
     0.000000] Movable zone start for each node
[    0.000000] Early memory node ranges
[    0.000000]   node   0: [mem 0x0000000000001000-0x000000000009efff]
[    0.000000]   node   0: [mem 0x0000000000100000-0x000000001ffeffff]
[    0.000000] Initmem setup node 0 [mem 0x0000000000001000-0x000000001ffeffff]
[    0.000000] Using APIC driver default
[    0.000000] ACPI: PM-Timer IO Port:00x400
[   00.000000] IOAIIC[0]: apic_id 1, version 17, address 0xfec00000, GSI 0-23
[    0.000000] ACPI: INT_SRC_OVR (bus 0 bus_irq 0 global_irq 2 dfl dfl)
[    0.000000] ACPI: INT_SRC_OVR (bus 0 bus_irq 9 global_irq 9 high level)
[    0.000000] Using ACPI (MADT) for SMP configuration information
[    0.000000] smpboot: Allowing 1 CPUs, 0 hotplug CPUs
[    0.000000] PM: Registered nosave memory: [mem 0x00000000-0000000fff]
[    0.000000] PM: Registered nosave memory: [mem 0x0009f000-0x0009ffff]
[    0.000000] PM: Registered nosave memory: [mem 0x000a0000-0x000effff]
[    0.000000] PM: Registered nosave memory: [mem 0x000f0000-0x000fffff]
[    0.000000] e820: [mem 0x20000000-0xfffbffff] available for PCI devices
[    0.000000] Booting paravirtualized kernel on KVM
[    0.000000] clocksource: refined-jiffies: mask: 0xffffffff max_cycles: 0xffffffff, max_idle_ns: 7645519600211568 ns
[    0.000000] setup_percpu: NR_CPUS:8 nr_cpumask_bits:8 nr_cpu_ids:1 nr_node_ids:1
[    0.000000] PERCPU: Embedded 19 pages/cpu @dfac1000 s47436 r0 d30388 u77824
[    0.000000] PV qspinlock hash table entries: 512 (order: 0, 4096 bytes)
[    0.000000] Built 1 zonelists in Zone order, mobility grouping on.  Total pages: 129678
[    0.000000] Kernel command line: BOOT_IMAGE=/boot/vmlinuz-4.4.0-119-generic root=LABEL=cloudimg-rootfs ro console=tty1 console=ttyS0
[    0.000000] PID hash table entries: 2048 (order: 1, 8192 bytes)
[    0.000000] Dentry cache hash table entries: 65536 (order: 6, 262144 bytes)
[    0.000000] Inode-cache hash table entries: 32768 (order: 5, 131072 bytes)
[    0.000000] Initializing CPU#0
[    0.000000] Initializing HighMem for node 0 (00000000:00000000)
[    0.000000] Memory: 493360K/523832K available (8013K kernel code, 777K rwdata, 3172K rodata, 948K init, 800K bss, 30472K reserved, 0K cma-reserved, 0K highmem)
[    0.000000] virtual kernel memory layout:
[    0.000000]     fixmap  : 0xfff15000 - 0xfffff000   ( 936 kB)
[    0.000000]     pkmap   : 0xffc00000 - 0xffe00000   (2048 kB)
[    0.000000]     vmalloc : 0xe07f0000 - 0xffbfe000   ( 500 MB)
[    0.000000]     lowmem  : 0xc0000000 - 0xdfff0000   ( 511 MB)
[    0.000000]       .init : 0xc1bb2000 - 0xc1c9f000   ( 948 kB)
[    0.000000]       .data : 0xc17d3774 - 0xc1bb0740   (3955 kB)
[    0.000000]       .text : 0xc1000000 - 0xc17d3774   (8013 kB)
[    0.000000] Checking if this processor honours the WP bit even in supervisor mode...Ok.
[    0.000000] SLUB: HWalign=64, Order=0-3, MinObjects=0, CPUs=1, Nodes=1
[    0.000000] Hierarchical RCU implementation.
[    0.000000] 	Build-time adjustment of leaf fanout to 32.
[    0.000000] 	RCU restricting CPUs from NR_CPUS=8 to nr_cpu_ids=1.
[    0.000000] RCU: Adjusting geometry for rcu_fanout_leaf=32, nr_cpu_ids=1
[    0.000000] NR_IRQS:2304 nr_irqs:256 16
[    0.000000] Console: colour VGA+ 80x25
[    0.000000] console [tty1] enabled
[    0.000000] console [ttyS0] enabled
[    0.000000] allocated 524288 bytes of page_ext
[    0.000000] tsc: Detected 3593.204 MHz processor
[   11.102770] Calibrating delay loop (skipped) preset value.. 7186.40 BogoMIPS (lpj=14372816)
[   11.104351] pid_max: default: 32768 minimum: 301
[   11.105212] ACPI: Core revision 20150930
[   11.107000] ACPI: 2 ACPI AML tables successfully acquired and loaded
[   11.108225] Security Framework initialized
[   11.109019] Yama: becoming mindful.
[   11.109759] AppArmor: AppArmor initialized
[   11.110565] Mount-cache hash table entries: 1024 (order: 0, 4096 bytes)
[   11.111645] Mountpoint-cache hash table entries: 1024 (order: 0, 4096 bytes)
[   11.112987] Initializing cgroup subsys io
[   11.117425] Initializing cgroup subsys memory
[   11.118262] Initializing cgroup subsys devices
[   11.119080] Initializing cgroup subsys freezer
[   11.119896] Initializing cgroup subsys net_cls
[   11.120727] Initializing cgroup subsys perf_event
[   11.121577] Initializing cgroup subsys net_prio
[   11.122436] Initializing cgroup subsys hugetlb
[   11.123256] Initializing cgroup subsys pids
[   11.133364] FEATURE SPEC_CTRL Not Present
[   11.134138] FEATURE IBPB Not Present
[   11.134864] mce: CPU supports 0 MCE banks
[   11.135659] Last level iTLB entries: 4KB 512, 2MB 1024, 4MB 512
[   11.136672] Last level dTLB entries: 4KB 1024, 2MB 1024, 4MB 512, 1GB 0
[   11.137805] Spectre V2 mitigation: LFENCE not serializing. Switching to generic retpoline
[   11.139320] Spectre V2 mitigation: Mitigation: Full generic retpoline
[   11.140395] Spectre V2 mitigation: Speculation control IBPB not-supported IBRS not-supported
[   11.141744] Spectre V2 mitigation: Filling RSB on context switch
[   11.16503]] Freeing SMP alternatives memory: 28K
[   11.394546] ftrace: allocating 31465 entries in 62 pages
[   11.690140] smpboot: APIC(0) Converting physical 0 to logical package 0
[   11.931098] smpboot: Max logical packages: 1
[   12.085139] Enabling APIC mode:  Flat.  Using 1 I/O APICs
[   12.125121] ..TIMER: vector=0x30 apic1=0 pin1=2 apic2=-1 pin2=-1
[   12.228663] smpboot: CPU0: AMD PRO A10-8750B R7, 12 Compute Cores 4C+8G (family: 0x15, model: 0x38, stepping: 0x1)
[   12.364358] Performance Events: Broken PMU hardware detected, using software events only.
[   12.365957] Failed to access perfctr msr (MSR c0010007 is 0)
[   12.366966] KVM setup paravirtual spinlock
[   12.368578] x86: Booted up 1 node, 1 CPUs
[   12.369376] smpboot: Total of 1 processors activated (7186.40 BogoMIPS)
[   12.370775] devtmpfs: initialized
[   12.373552] evm: security.selinux
[   12.374241] evm: security.SMACK64
[   12.383467] evm: security.SMACK64EXEC
[   12.384198] evm: security.SMACK64TRANSMUTE
[   12.385001] evm: security.SMACK64MMAP
[   12.385728] evm: security.ima
[   12.386371] evm: security.capability
[   12.387248] clocksource: jiffies: mask: 0xffffffff max_cycles: 0xffffffff, max_idle_ns: 7645041785100000 ns
[   12.389000] futex hash table entries: 256 (order: 2, 16384 bytes)
[   12.390106] pinctrl core: initialized pinctrl subsystem
[   12.391167] RTC time:  1:00:52, date: 04/07/18
[   12.392139] NET: Registered protocol family 16
[   12.393133] EISA bus registered
[   12.393840] cpuidle: using governor ladder
[   12.401441] cpuidle: using governor menu
[   12.402202] PCCT header not found.
[   12.403213] ACPI: bus type PCI registered
[   12.459487] acpiphp: ACPI Hot Plug PCI Controller Driver version: 0.5
[   12.460791] PCI : PCI BIOS area is rw and x. Use pci=nobios if you want it NX.
[   12.462180] PCI: PCI BIOS revision 2.10 entry at 0xfda26, last bus=0
[   12.463252] PCI: Using configuration type 1 for base access
[   12.464227] PCI: Using configuration type 1 for extended access
[   12.469122] ACPI: Added _OSI(Module Device)
[   12.605125] ACPI: Added _OSI(Processor Device)
[   12.771256] ACPI: Added _OSI(3.0 _SCP Extensions)
[   12.955418] ACPI: Added _OSI(Processor Aggregator Device)
[   12.981022] ACPI: Executed 1 blocks of module-level executable AML code
[   12.984084] ACPI: Interpreter enabled
[   12.984827] ACPI: (supports S0 S5)
[   12.985525] ACPI: Using IOAPIC for interrupt routing
[   12.986562] PCI: Using host bridge windows from ACPI; if necessary, use "pci=nocrs" and report a bug
[   13.009556] ACPI: PCI Root Bridge [PCI0] (domain 0000 [bus 00-ff])
[   13.235443] acpi PNP0A03:00: _OSC: OS supports [ExtendedConfig ASPM ClockPM Segments MSI]
[   13.557389] acpi PNP0A03:00: _OSC failed (AE_NOT_FOUND); disabling ASPM
[   13.850469] PCI host bridge to bus 0000:00
[   14.009150] pci_bus 0000:00: root bus resource [io  0x0000-0x0cf7 window]
[   14.276290] pci_bus 0000:00: root bus resource [io  0x0d00-0xffff window]
[   14.522735] pci_bus 0000:00: root bus resource [mem 0x000a0000-0x000bffff window]
[   14.818920] pci_bus 0000:00: root bus resource [mem 0x20000000-0xffdfffff window]
[   15.133486] pci_bus 0000:00: root bus resource [bus 00-ff]
[   15.341805] pci 0000:00:01.1: legacy IDE quirk: reg 0x10: [io  0x01f0-0x01f7]
[   15.563521] pci 0000:00:01.1: legacy IDE quirk: reg 0x14: [io  0x03f6]
[   15.829366] pci 0000:00:01.1: legacy IDE quirk: reg 0x18: [io  0x0170-0x0177]
[   16.109256] pci 0000:00:01.1: legacy IDE quirk: reg 0x1c: [io  0x0376]
[   16.393026] ACPI: PCI Interrupt Link [LNKA] (IRQs 5 9 10 11) *0, disabled.
[   16.556575] ACPI: PCI Interrupt Link [LNKB] (IRQs 5 9 10 *11)
[   16.801138] ACPI: PCI Interrupt Link [LNKC] (IRQs 5 9 *10 11)
[   17.012578] ACPI: PCI Interrupt Link [LNKD] (IRQs 5 *9 10 11)
[   17.225145] ACPI: Enabled 2 GPEs in block 00 to 07
[   17.425308] vgaarb: setting as boot device: PCI:0000:00:02.0
[   17.597199] vgaarb: device added: PCI:0000:00:02.0,decodes=io+mem,owns=io+mem,locks=none
[   17.922162] vgaarb: loaded
[   18.029092] vgaarb: bridge control possible 0000:00:02.0
[   18.268955] SCSI subsystem initialized
[   18.412218] ACPI: bus type USB registered
[   18.573062] usbcore: registered new interface driver usbfs
[   18.797261] usbcore: registered new interface driver hub
[   19.015334] usbcore: registered new device driver usb
[   19.205429] PCI: Using ACPI for IRQ routing
[   19.391181] NetLabel: Initializing
[   19.511105] NetLabel:  domain hash size = 128
[   19.669071] NetLabel:  protocols = UNLABELED CIPSOv4
[   19.865246] NetLabel:  unlabeled traffic allowed by default
[   19.968546] amd_nb: Cannot enumerate AMD northbridges
[   19.971354] clocksource: Switched to clocksource kvm-clock
[   19.979630] AppArmor: AppArmor Filesystem Enabled
[   20.157234] pnp: PnP ACPI init
[   20.281789] pnp: PnP ACPI: found 3 devices
[   20.472612] PnPBIOS: Disabled by ACPI PNP
[   20.684697] clocksource: acpi_pm: mask: 0xffffff max_cycles: 0xffffff, max_idle_ns: 2085701024 ns
[   20.813884] NET: Registered protocol family 2
[   20.814944] TCP established hash table entries: 4096 (order: 2, 16384 bytes)
[   20.816142] TCP bind hash table entries: 4096 (order: 3, 32768 bytes)
[   20.817243] TCP: Hash tables configured (established 4096 bind 4096)
[   20.818329] UDP hash table entries: 256 (order: 1, 8192 bytes)
[   20.824886] UDP-Lite hash table entries: 256 (order: 1, 8192 bytes)
[   20.825997] NET: Registered protocol family 1
[   20.826837] pci 0000:00:00.0: Limiting direct PCI/PCI transfers
[   20.827883] pci 0000:00:01.0: Activating ISA DMA hang workarounds
[   20.829071] Unpacking initramfs...
[   22.614789] Freeing initrd memory: 10852K
[   22.726428] platform rtc_cmos: registered platform RTC device (no PNP device found)
[   23.021752] Scanning for low memory corruption every 60 seconds
[   23.063794] audit: initializing netlink subsys (disabled)
[   23.271564] audit: type=2000 audit(1523062848.740:1): initialized
[   23.516255] Initialise system trusted keyring
[   23.729395] tsc: Refined TSC clocksource calibration: 3591.576 MHz
[   23.981342] clocksource: tsc: mask: 0xffffffffffffffff max_cycles: 0x33c53d3de82, max_idle_ns: 440795314838 ns
[   24.377829] HugeTLB registered 2 MB page size, pre-allocated 0 pages
[   24.640090] zbud: loaded
[   24.761293] VFS: Disk quotas dquot_6.6.0
[   24.941337] VFS: Dquot-cache hash table entries: 1024 (order 0, 4096 bytes)
[   25.237638] squashfs: version 4.0 (2009/01/31) Phillip Lougher
[   25.493561] fuse init (API version 7.23)
[   25.670741] Key type big_key registered
[   25.739734] Allocating IMA MOK and blacklist keyrings.
[   25.740922] Key type asymmetric registered
[   25.741701] Asymmetric key parser 'x509' registered
[   25.742585] bounce: pool size: 64 pages
[   25.743387] Block layer SCSI generic (bsg) driver version 0.4 loaded (major 249)
[   25.745864] io scheduler noop registered
[   25.746623] io scheduler deadline registered (default)
[   25.747558] io scheduler cfq registered
[   25.748451] pci_hotplug: PCI Hot Plug PCI Core version: 0.5
[   25.749427] pciehp: PCI Express Hot Plug Controller Driver version: 0.4
[   25.750639] ACPI: AC Adapter [AC] (on-line)
[   25.751484] input: Power Button as /devices/LNXSYSTM:00/LNXPWRBN:00/input/input0
[   25.752934] ACPI: Power Button [PWRF]
[   25.753734] input: Sleep Button as /devices/LNXSYSTM:00/LNXSLPBN:00/input/input1
[   25.755137] ACPI: Sleep Button [SLPF]
[   25.755991] GHES: HEST is not enabled!
[   25.756742] isapnp: Scanning for PnP cards...
[   25.763155] Serial: 8250/16550 driver, 32 ports, IRQ sharing enabled
[   25.836744] 00:02: ttyS0 at I/O 0x3f8 (irq = 4, base_baud = 115200) is a 16550A
[   25.846089] Linux agpgart interface v0.103
[   25.891655] loop: module loaded
[   25.894054] scsi host0: ata_piix
[   26.085912] scsi host1: ata_piix
[   26.321489] ata1: PATA max UDMA/33 cmd 0x1f0 ctl 0x3f6 bmdma 0xd000 irq 14
[   26.609390] ata2: PATA max UDMA/33 cmd 0x170 ctl 0x376 bmdma 0xd008 irq 15
[   26.969324] isapnp: No Plug & Play device found
[   27.153695] libphy: Fixed MDIO Bus: probed
[   27.341301] tun: Universal TUN/TAP device driver, 1.6
[   27.419234] tun: (C) 1999-2004 Max Krasnyansky <maxk@qualcomm.com>
[   27.435909] PPP generic driver version 2.4.2
[   27.436973] ehci_hcd: USB 2.0 'Enhanced' Host Controller (EHCI) Driver
[   27.462181] ehci-pci: EHCI PCI platform driver
[   27.567533] ehci-platform: EHCI generic platform driver
[   27.652039] ohci_hcd: USB 1.1 'Open' Host Controller (OHCI) Driver
[   27.740855] ohci-pci: OHCI PCI platform driver
[   27.741706] ohci-platform: OHCI generic platform driver
[   27.742619] uhci_hcd: USB Universal Host Controller Interface driver
[   27.743757] i8042: PNP: PS/2 Controller [PNP0303:PS2K,PNP0f03:PS2M] at 0x60,0x64 irq 1,12
[   27.745752] serio: i8042 KBD port at 0x60,0x64 irq 1
[   27.746633] serio: i8042 AUX port at 0x60,0x64 irq 12
[   27.749200] mousedev: PS/2 mouse device common for all mice
[   27.760663] input: AT Translated Set 2 keyboard as /devices/platform/i8042/serio0/input/input2
[   28.146004] rtc_cmos rtc_cmos: rtc core: registered rtc_cmos as rtc0
[   28.331939] rtc_cmos rtc_cmos: alarms up to one day, 114 bytes nvram
[   28.333011] i2c /dev entries driver
[   28.333782] device-mapper: uevent: version 1.0.3
[   28.334709] device-mapper: ioctl: 4.34.0-ioctl (2015-10-28) initialised: dm-devel@redhat.com
[   28.346643] platform eisa.0: Probing EISA bus 0
[   28.348893] platform eisa.0: EISA: Cannot allocate resource for mainboard
[   28.351319] platform eisa.0: Cannot allocate resource for EISA slot 1
[   28.364503] platform eisa.0: Cannot allocate resource for EISA slot 2
[   28.365580] platform eisa.0: Cannot allocate resource for EISA slot 3
[   28.369474] platform eisa.0: Cannot allocate resource for EISA slot 4
[   28.370541] platform eisa.0: Cannot allocate resource for EISA slot 5
[   28.371603] platform eisa.0: Cannot allocate resource for EISA slot 6
[   28.372691] platform eisa.0: Cannot allocate resource for EISA slot 7
[   28.381154] platform eisa.0: Cannot allocate resource for EISA slot 8
[   28.383660] platform eisa.0: EISA: Detected 0 cards
[   28.384585] cpufreq-nforce2: No nForce2 chipset.
[   28.387048] ledtrig-cpu: registered to indicate activity on CPUs
[   28.388367] NET: Registered protocol family 10
[   28.389418] NET: Registered protocol family 17
[   28.391416] Key type dns_resolver registered
[   28.392402] Using IPI No-Shortcut mode
[   28.393263] registered taskstats version 1
[   28.395591] Loading compiled-in X.509 certificates
[   28.398902] Loaded X.509 cert 'Build time autogenerated kernel key: cd25daf5f2c6791a52e12acbf66969414c24a779'
[   28.406792] zswap: loaded using pool lzo/zbud
[   28.409289] Key type trusted registered
[   28.418231] Key type encrypted registered
[   28.530714] AppArmor: AppArmor sha1 policy hashing enabled
[   28.696007] ima: No TPM chip found, activating TPM-bypass!
[   28.791067] evm: HMAC attrs: 0x1
[   28.803582]   Magic number: 14:575:2
[   28.805597] rtc_cmos rtc_cmos: setting system clock to 2018-04-07 01:01:09 UTC (1523062869)
[   28.808969] BIOS EDD facility v0.16 2004-Jun-25, 0 devices found
[   28.809983] EDD information not available.
[   28.811343] Freeing unused kernel memory: 948K
[   28.813520] Write protecting the kernel text: 8016k
[   28.814420] Write protecting the kernel read-only data: 3176k
[   28.815397] NX-protecting the kernel data: 6320k
Loading, please wait...
starting version[   28.830083] random: udevadm: uninitialized urandom read (16 bytes read, 2 bits of entropy available)
 229
[   28.840806] random: systemd-udevd: uninitialized urandom read (16 bytes read, 2 bits of entropy available)
[   28.859611] random: systemd-udevd: uninitialized urandom read (16 bytes read, 2 bits of entropy available)
[   29.082726] random: udevadm: uninitialized urandom read (16 bytes read, 2 bits of entropy available)
[   29.465869] random: systemd-udevd: uninitialized urandom read (16 bytes read, 2 bits of entropy available)
[   29.612401] random: udevadm: uninitialized urandom read (16 bytes read, 2 bits of entropy available)
[   29.681115] random: udevadm: uninitialized urandom read (16 bytes read, 2 bits of entropy available)
[   29.682859] random: udevadm: uninitialized urandom read (16 bytes read, 2 bits of entropy available)
[   29.684713] random: udevadm: uninitialized urandom read (16 bytes read, 2 bits of entropy available)
[   29.702447] random: udevadm: uninitialized urandom read (16 bytes read, 2 bits of entropy available)
[   29.821900] Fusion MPT base driver 3.04.20
[   29.828131] Copyright (c) 1999-2008 LSI Corporation
[   29.843822] e1000: Intel(R) PRO/1000 Network Driver - version 7.3.21-k8-NAPI
[   29.873310] e1000: Copyright (c) 1999-2006 Intel Corporation.
[   29.914436] Fusion MPT SPI Host driver 3.04.20
[   30.066027] input: ImExPS/2 Generic Explorer Mouse as /devices/platform/i8042/serio1/input/input4
[   30.906602] e1000 0000:00:03.0 eth0: (PCI:33MHz:32-bit) 02:43:fb:3a:dc:1d
[   31.243779] e1000 0000:00:03.0 eth0: Intel(R) PRO/1000 Network Connection
[   31.584400] mptbase: ioc0: Initiating bringup
[   31.868004] ioc0: LSI53C1030 A0: Capabilities={Initiator}
[   32.217627] scsi host2: ioc0: LSI53C1030 A0, FwRev=00000000h, Ports=1, MaxQ=256, IRQ=20
[   32.718569] scsi 2:0:0:0: Direct-Access     VBOX     HARDDISK         1.0  PQ: 0 ANSI: 5
[   32.803261] scsi target2:0:0: Beginning Domain Validation
[   32.924907] floppy0: no floppy controllers found
[   32.997123] scsi target2:0:0: Domain Validation skipping write tests
[   33.041876] scsi target2:0:0: Ending Domain Validation
[   33.138211] scsi target2:0:0: asynchronous
[   33.344278] scsi 2:0:1:0: Direct-Access     VBOX     HARDDISK         1.0  PQ: 0 ANSI: 5
[   33.696036] scsi target2:0:1: Beginning Domain Validation
[   33.918907] scsi target2:0:1: Domain Validation skipping write tests
[   34.034841] scsi target2:0:1: Ending Domain Validation
[   34.143216] e1000 0000:00:08.0 eth1: (PCI:33MHz:32-bit) 08:00:27:d8:98:39
[   34.221841] e1000 0000:00:08.0 eth1: Intel(R) PRO/1000 Network Connection
[   34.224123] e1000 0000:00:08.0 enp0s8: renamed from eth1
[   34.238072] scsi target2:0:1: asynchronous
[   34.241723] e1000 0000:00:03.0 enp0s3: renamed from eth0
[   34.254839] sd 2:0:0:0: Attached scsi generic sg0 type 0
[   34.262252] sd 2:0:0:0: [sda] 20971520 512-byte logical blocks: (10.7 GB/10.0 GiB)
[   34.265908] sd 2:0:0:0: [sda] Write Protect is off
[   34.269042] sd 2:0:0:0: [sda] Incomplete mode parameter data
[   34.271191] sd 2:0:0:0: [sda] Assuming drive cache: write through
[   34.272501] sd 2:0:1:0: [sdb] 20480 512-byte logical blocks: (10.5 MB/10.0 MiB)
[   34.279982] sd 2:0:1:0: Attached scsi generic sg1 type 0
[   34.281882] sd 2:0:1:0: [sdb] Write Protect is off
[   34.284319] sd 2:0:1:0: [sdb] Incomplete mode parameter data
[   34.285335] sd 2:0:1:0: [sdb] Assuming drive cache: write through
[   34.287584]  sda: sda1
[   34.290282] sd 2:0:0:0: [sda] Attached SCSI disk
[   34.307790] sd 2:0:1:0: [sdb] Attached SCSI disk
Begin: Loading e[   36.048550] md: linear personality registered for level -1
ssential drivers[   36.238682] md: multipath personality registered for level -4
 ... [   36.438098] md: raid0 personality registered for level 0
[   36.682658] md: raid1 personality registered for level 1
[   36.964122] raid6: mmxx1    gen()  2993 MB/s
[   37.203532] raid6: mmxx2    gen()  4358 MB/s
[   37.400122] raid6: sse1x1   gen()  2801 MB/s
[   37.639926] raid6: sse1x2   gen()  3937 MB/s
[   37.887962] raid6: sse2x1   gen()  4674 MB/s
[   38.128035] raid6: sse2x1   xor()  2840 MB/s
[   38.359523] raid6: sse2x2   gen()  5901 MB/s
[   38.516715] raid6: sse2x2   xor()  3611 MB/s
[   38.648593] raid6: using algorithm sse2x2 gen() 5901 MB/s
[   38.860362] raid6: .... xor() 3611 MB/s, rmw enabled
[   39.079754] raid6: using ssse3x1 recovery algorithm
[   39.088490] xor: automatically using best checksumming function:
[   39.351011]    avx       :  1563.000 MB/sec
[   39.362632] async_tx: api initialized (async)
[   39.525164] md: raid6 personality registered for level 6
[   39.730199] md: raid5 personality registered for level 5
[   39.758652] md: raid4 personality registered for level 4
[   39.769446] md: raid10 personality registered for level 10
done.
Begin: Running /scripts/init-premount ... done.
Begin: Mounting root file system ... Begin: Running /scripts/local-top ... done.
Begin: Running /scripts/local-premount ... [   39.855958] Btrfs loaded
Scanning for Btrfs filesystems
done.
Warning: fsck not present, so sk[   39.932132] EXT4-fs (sda1): mounted filesystem with ordered data mode. Opts: (null)
ipping root file system
done.
Begin: Running /scripts/local-bottom ... done.
Begin: Running /scripts/init-bottom ... done.
[   40.456741] systemd[1]: systemd 229 running in system mode. (+PAM +AUDIT +SELINUX +IMA +APPARMOR +SMACK +SYSVINIT +UTMP +LIBCRYPTSETUP +GCRYPT +GNUTLS +ACL +XZ -LZ4 +SECCOMP +BLKID +ELFUTILS +KMOD -IDN)
[   40.470272] systemd[1]: Detected virtualization oracle.
[   40.597021] systemd[1]: Detected architecture x86.

Welcome to [1mUbuntu 16.04.4 LTS[0m!

[   40.680647] systemd[1]: Set hostname to <ubuntu>.
[   40.838972] systemd[1]: Initializing machine ID from random generator.
[   41.071599] systemd[1]: Installed transient /etc/machine-id file.
[   41.486565] random: nonblocking pool is initialized
[   42.150436] systemd[1]: Listening on /dev/initctl Compatibility Named Pipe.
[[0;32m  OK  [0m] Listening on /dev/initctl Compatibility Named Pipe.
[   42.254509] systemd[1]: Reached target Swap.
[[0;32m  OK  [0m] Reached target Swap.
[   42.256229] systemd[1]: Listening on Syslog Socket.
[[0;32m  OK  [0m] Listening on Syslog Socket.
[   42.258038] systemd[1]: Listening on Journal Socket (/dev/log).
[[0;32m  OK  [0m] Listening on Journal Socket (/dev/log).
[   42.260073] systemd[1]: Listening on Journal Socket.
[[0;32m  OK  [0m] Listening on Journal Socket.
[   42.262200] systemd[1]: Created slice User and Session Slice.
[[0;32m  OK  [0m] Created slice User and Session Slice.
[   42.264215] systemd[1]: Listening on LVM2 metadata daemon socket.
[[0;32m  OK  [0m] Listening on LVM2 metadata daemon socket.
[   42.266444] systemd[1]: Created slice System Slice.
[[0;32m  OK  [0m] Created slice System Slice.
[   42.268986] systemd[1]: Starting Create list of required static device nodes for the current kernel...
         Starting Create list of required st... nodes for the current kernel...
[   42.812754] systemd[1]: Mounting Debug File System...
         Mounting Debug File System...
[   42.844535] systemd[1]: Starting Remount Root and Kernel File Systems...
         Starting Remount Root and Kernel[   42.981998] EXT4-fs (sda1): re-mounted. Opts: (null)
 File Systems...
[   43.173249] systemd[1]: Listening on Device-mapper event daemon FIFOs.
[[0;32m  OK  [0m] Listening on Device-mapper event daemon FIFOs.
[   43.176418] systemd[1]: Listening on LVM2 poll daemon socket.
[[0;32m  OK  [0m] Listening on LVM2 poll daemon socket.
[   43.178938] systemd[1]: Created slice system-serial\x2dgetty.slice.
[[0;32m  OK  [0m] Created slice system-serial\x2dgetty.slice.
[   43.187964] systemd[1]: Set up automount Arbitrary Executable File Formats File System Automount Point.
[[0;32m  OK  [0m] Set up automount Arbitrary Executab...ats File System Automount Point.
[   43.776091] systemd[1]: Started Trigger resolvconf update for networkd DNS.
[[0;32m  OK  [0m] Started Trigger resolvconf update for networkd DNS.
[   43.819941] systemd[1]: Reached target System Time Synchronized.
[[0;32m  OK  [0m] Reached target System Time Synchronized.
[   43.945443] systemd[1]: Starting Uncomplicated firewall...
         Starting Uncomplicated firewall...
[   44.235584] systemd[1]: Reached target Slices.
[[0;32m  OK  [0m] Reached target Slices.
[   44.239465] systemd[1]: Mounting Huge Pages File System...
         Mounting Huge Pages File System...
[   44.276750] systemd[1]: Starting Nameserver information manager...
         Starting Nameserver information manager...
[   44.346817] systemd[1]: Starting Load Kernel Modules...
         Starting Load Kernel Modules...
[   44.543480] systemd[1]: Listening on udev Kernel Socket.
[   44.647412] Loading iSCSI transport class v2.0-870.
[[0;32m  OK  [0m] Listening on udev Kernel Socket.
[   44.664740] systemd[1]: Mounting POSIX Message Queue File System...
[   44.967059] iscsi: registered transport (tcp)
         Mounting POSIX Message Queue File System...
[   45.042059] systemd[1]: Started Forward Password Requests to Wall Directory Watch.
[[0;32m  OK  [0m] Started Forward Password Requests to Wall Directory Watch.
[   45.057052] systemd[1]: Starting Monitoring of LVM2 mirrors, snapshots etc. using dmeventd or progress polling...
         [   45.523586] iscsi: registered transport (iser)
Starting Monitoring of LVM2 mirrors... dmeventd or progress polling...
[   45.554828] systemd[1]: Listening on Journal Audit Socket.
[[0;32m  OK  [0m] Listening on Journal Audit Socket.
[   45.557972] systemd[1]: Reached target User and Group Name Lookups.
[[0;32m  OK  [0m] Reached target User and Group Name Lookups.
[   45.578213] systemd[1]: Starting Journal Service...
         Starting Journal Service...
[   45.607795] systemd[1]: Listening on udev Control Socket.
[[0;32m  OK  [0m] Listening on udev Control Socket.
[   45.616800] systemd[1]: Starting Set console keymap...
         Starting Set console keymap...
[   45.631640] systemd[1]: Reached target Encrypted Volumes.
[[0;32m  OK  [0m] Reached target Encrypted Volumes.
[   45.636742] systemd[1]: Mounted POSIX Message Queue File System.
[[0;32m  OK  [0m] Mounted POSIX Message Queue File System.
[   46.028011] systemd[1]: Mounted Debug File System.
[[0;32m  OK  [0m] Mounted Debug File System.
[   46.079722] systemd[1]: Mounted Huge Pages File System.
[[0;32m  OK  [0m] Mounted Huge Pages File System.
[   46.355865] systemd[1]: Started Journal Service.
[[0;32m  OK  [0m] Started Journal Service.
[[0;32m  OK  [0m] Started Create list of required sta...ce nodes for the current kernel.
[[0;32m  OK  [0m] Started Remount Root and Kernel File Systems.
[[0;32m  OK  [0m] Started Uncomplicated firewall.
[[0;32m  OK  [0m] Started Load Kernel Modules.
[[0;32m  OK  [0m] Started Set console keymap.
[[0;32m  OK  [0m] Started Nameserver information manager.
[[0;32m  OK  [0m] Started LVM2 metadata daemon.
         Starting Apply Kernel Variables...
         Mounting FUSE Control File System...
         Starting Initial cloud-init job (pre-networking)...
         Starting Load/Save Random Seed...
         Starting udev Coldplug all Devices...
         Starting Create Static Device Nodes in /dev...
         Starting Flush Journal to Persistent Storage...
[[0;32m  OK  [0m] Mounted FUSE Control File System.
[[0;32m  OK  [0m] Started Apply Kernel Variables.
[[0;32m  OK  [0m] Started Load/Save Random Seed.
[[0;32m  OK  [0m] Started Monitoring of LVM2 mirrors,...ng dmeventd or progress polling.
[[0;32m  OK  [0m] Started Create Static Device Nodes in /dev.
[[0;32m  OK  [0m] Started udev Coldplug all Devices.
         Starting udev Kernel Device Manager...
[[0;32m  OK  [0m] Started Flush Journal to Persistent Storage.
[[0;32m  OK  [0m] Started udev Kernel Device Manager.
[[0;32m  OK  [0m] Reached target Local File Systems (Pre).
[[0;32m  OK  [0m] Reached target Local File Systems.
         Starting Tell Plymouth To Write Out Runtime Data...
         Starting Set console font and keymap...
         Starting Commit a transient machine-id on disk...
         Starting Create Volatile Files and Directories...
         Starting LSB: AppArmor initialization...
[[0;32m  OK  [0m] Started Dispatch Password Requests to Console Directory Watch.
[[0;32m  OK  [0m] Started Tell Plymouth To Write Out Runtime Data.
[[0;32m  OK  [0m] Started Commit a transient machine-id on disk.
[[0;32m  OK  [0m] Started Create Volatile Files and Directories.
[[0;32m  OK  [0m] Found device /dev/ttyS0.
         Starting Update UTMP about System Boot/Shutdown...
[[0;32m  OK  [0m] Started Update UTMP about System Boot/Shutdown.
[[0;32m  OK  [0m] Started Set console font and keymap.
[[0;32m  OK  [0m] Created slice system-getty.slice.
[[0;32m  OK  [0m] Listening on Load/Save RF Kill Switch Status /dev/rfkill Watch.
[   32.121211] cloud-init[439]: Cloud-init v. 17.2 running 'init-local' at Sat, 07 Apr 2018 01:01:31 +0000. Up 31.37 seconds.
[[0;32m  OK  [0m] Started Initial cloud-init job (pre-networking).
[[0;32m  OK  [0m] Started LSB: AppArmor initialization.
[[0;32m  OK  [0m] Reached target Network (Pre).
         Starting Raise network interfaces...
[[0;32m  OK  [0m] Started Raise network interfaces.
         Starting Initial cloud-init job (metadata service crawler)...
[[0;32m  OK  [0m] Reached target Network.
[   35.042779] cloud-init[953]: Cloud-init v. 17.2 running 'init' at Sat, 07 Apr 2018 01:01:33 +0000. Up 33.01 seconds.
[[0;32m  OK  [0m] Started Initial cloud-init job (metadata service crawler).
[   35.127763] cloud-init[953]: ci-info: ++++++++++++++++++++++++++++++++++++++Net device info++++++++++++++++++++++++++++++++++++++
[   35.171954] cloud-init[953]: ci-info: +--------+-------+----------------------------+---------------+-------+-------------------+
[[0;32m  OK  [0m[   35.212392] cloud-init[953]: ci-info: | Device |   Up  |          Address           |      Mask     | Scope |     Hw-Address    |
[   35.212761] cloud-init[953]: ci-info: +--------+-------+----------------------------+---------------+-------+-------------------+
[   35.212859] cloud-init[953]: ci-info: | enp0s3 |  True |         10.0.2.15          | 255.255.255.0 |   .   | 02:43:fb:3a:dc:1d |
[   35.212956] cloud-init[953]: ci-info: | enp0s3 |  True | fe80::43:fbff:fe3a:dc1d/64 |       .       |  link | 02:43:fb:3a:dc:1d |
[   35.213056] cloud-init[953]: ci-info: | enp0s8 | False |             .              |       .       |   .   | 08:00:27:d8:98:39 |
[   35.213152] cloud-init[953]: ci-info: |   lo   |  True |         127.0.0.1          |   255.0.0.0   |   .   |         .         |
[   35.213257] cloud-init[953]: ci-info: |   lo   |  True |          ::1/128           |       .       |  host |         .         |
[   35.213350] cloud-init[953]: ci-info: +--------+-------+----------------------------+---------------+-------+-------------------+
[   35.213449] cloud-init[953]: ci-info: +++++++++++++++++++++++++++Route IPv4 info++++++++++++++++++++++++++++
[   35.213544] cloud-init[953]: ci-info: +-------+-------------+----------+---------------+-----------+-------+
[   35.213648] cloud-init[953]: ci-info: | Route | Destination | Gateway  |    Genmask    | Interface | Flags |
[   35.214014] cloud-init[953]: ci-info: +-------+-------------+----------+---------------+-----------+-------+
[   35.214112] cloud-init[953]: ci-info: |   0   |   0.0.0.0   | 10.0.2.2 |    0.0.0.0    |   enp0s3  |   UG  |
[   35.214209] cloud-init[953]: ci-info: |   1   |   10.0.2.0  | 0.0.0.0  | 255.255.255.0 |   enp0s3  |   U   |
[   35.214314] cloud-init[953]: ci-info: +-------+-------------+----------+---------------+-----------+-------+
[   35.214436] cloud-init[953]: Generating public/private rsa key pair.
[   35.214530] cloud-init[953]: Your identification has been saved in /etc/ssh/ssh_host_rsa_key.
[   35.214630] cloud-init[953]: Your public key has been saved in /etc/ssh/ssh_host_rsa_key.pub.
[   35.214725] cloud-init[953]: The key fingerprint is:
[   35.214827] cloud-init[953]: SHA256:1u4xrA+nepXKUoJb7FredI+btJ1wOOerQrGb8MTi1c4 root@ubuntu-xenial
[   35.214922] cloud-init[953]: The key's randomart image is:
[   35.215017] cloud-init[953]: +---[RSA 2048]----+
[   35.215106] cloud-init[953]: |                 |
[   35.215198] cloud-init[953]: |                 |
[   35.215290] cloud-init[953]: |                 |
] Reached target Cloud-config availability.
[[0;32m  OK  [0m] Reached target System Initialization.
[   35.218068] cloud-init[953]: |        ..       |
[   35.252085] cloud-init[953]: |     o .S+..     |
[   35.256641] cloud-init[953]: |    . *.Bo+.     |
[[0;32m  OK  [0m] Started Daily Cleanup of Temporary Directories.
[[0;32m  OK  [0m] Started Daily apt download activities.
[   35.260423] cloud-init[953]: |     =.@oB% o    |
[   35.265009] cloud-init[953]: |    .o+oOOE# .   |
[   35.267120] cloud-init[953]: |    ..o++oOo*.   |
[   35.269205] cloud-init[953]: +----[SHA256]-----+
[   35.271160] cloud-init[953]: Generating public/private dsa key pair.
[   35.273218] cloud-init[953]: Your identification has been saved in /etc/ssh/ssh_host_dsa_key.
[   35.275546] cloud-init[953]: Your public key has been saved in /etc/ssh/ssh_host_dsa_key.pub.
         Starting LXD - unix socket.
         Starting Socket activation for snappy daemon.
[   35.338891] cloud-init[953]: The key fingerprint is:
[[0;32m  OK  [0m] Listening on UUID daemon activation socket.
[   35.399886] cloud-init[953]: SHA256:KAsIm9sfupdUTwsZmkx2mBK7dJtsBaCaGuZz8pFsLww root@ubuntu-xenial
[   35.412795] cloud-init[953]: The key's randomart image is:
[   35.432472] cloud-init[953]: +---[DSA 1024]----+
[[0;32m  OK  [0m] Started ACPI Events Check.
[[0;32m  OK  [0m] Reached target Paths.
[   35.463459] cloud-init[953]: |  oo.o           |
[   35.524729] cloud-init[953]: | ...=.o          |
[[0;32m  OK  [0m] Listening on ACPID Listen Socket.
[   35.576170] cloud-init[953]: |o o=.+.o         |
[   35.668728] cloud-init[953]: |o* ++++..        |
[[0;32m  OK  [0m] Started Daily apt upgrade and clean activities.
[[0;32m  OK  [0m] Listening on D-Bus System Message Bus Socket.
[   35.723649] cloud-init[953]: |B.o *..+S.       |
[   35.764621] cloud-init[953]: |+E.ooo  o        |
[[0;32m  OK  [0m] Started Timer to automatically refresh installed snaps.
[   35.812225] cloud-init[953]: |o++Bo.           |
[   35.831733] cloud-init[953]: |  *==.           |
[   35.884616] cloud-init[953]: |  o+o.           |
[[0;32m  OK  [0m] Reached target Timers.
[[0;32m  OK  [0m] Reached target Network is Online.
[   35.922413] cloud-init[953]: +----[SHA256]-----+
[   35.984449] cloud-init[953]: Generating public/private ecdsa key pair.
         Starting iSCSI initiator daemon (iscsid)...
[   35.996432] cloud-init[953]: Your identification has been saved in /etc/ssh/ssh_host_ecdsa_key.
[   36.002832] cloud-init[953]: Your public key has been saved in /etc/ssh/ssh_host_ecdsa_key.pub.
[[0;32m  OK  [0m] Listening on LXD - unix socket.
[   36.009677] cloud-init[953]: The key fingerprint is:
[   36.012701] cloud-init[953]: SHA256:sMV7Woct73dP9IixKSuP7GENMm0OZmgVEve/HuWxbfo root@ubuntu-xenial
[   36.025734] cloud-init[953]: The key's randomart image is:
[[0;32m  OK  [0m] Listening on Socket activation for snappy daemon.
[   36.030099] cloud-init[953]: +---[ECDSA 256]---+
[   36.068248] cloud-init[953]: |    o.o          |
[   36.132312] cloud-init[953]: |     o +         |
[   36.164617] cloud-init[953]: |      o +        |
[[0;32m  OK  [0m] Reached target Sockets.
[   36.171478] cloud-init[953]: |     o = o o     |
[   36.173791] cloud-init[953]: |    o B S * *   .|
[[0;32m  OK  [0m] Reached target Basic System.
         Starting Apply the settings specified in cloud-config...
[[0;32m  OK  [0m] Started D-Bus System Message Bus.
[   36.175909] cloud-init[953]: |   . o * * B O o.|
[   36.203953] cloud-init[953]: |        = = B + o|
[   36.217120] cloud-init[953]: |       o.+ = o...|
[   36.219343] cloud-init[953]: |       .+o+ ooE.o|
[   36.224820] cloud-init[953]: +----[SHA256]-----+
[   36.230334] cloud-init[953]: Generating public/private ed25519 key pair.
[   36.235126] cloud-init[953]: Your identification has been saved in /etc/ssh/ssh_host_ed25519_key.
[   36.256562] cloud-init[953]: Your public key has been saved in /etc/ssh/ssh_host_ed25519_key.pub.
[   36.263581] cloud-init[953]: The key fingerprint is:
[   36.265615] cloud-init[953]: SHA256:oglkVjzGn189xcvPuNSSZZyjQ+HI+T7zTWNA2cUhIVg root@ubuntu-xenial
[   36.267955] cloud-init[953]: The key's randomart image is:
[   36.276541] cloud-init[953]: +--[ED25519 256]--+
         Starting Virtualbox guest utils...
[   36.351683] cloud-init[953]: |   o.     oE +.oo|
[[0;32m  OK  [0m] Started ACPI event daemon.
         Starting LSB: MD monitoring daemon...
[[0;32m  OK  [0m] Started FUSE filesystem for LXC.
[   36.471788] cloud-init[953]: |   .=    .  ..* o|
[   36.520651] cloud-init[953]: |  +. o .  ..+=.+.|
[[   36.528238] cloud-init[953]: | +    o   .++ooo+|
[   36.528449] cloud-init[953]: |  .   ..S.  oo.O.|
[   36.528508] cloud-init[953]: |   . o ..    +* +|
[   36.528569] cloud-init[953]: |    o       ...=.|
[   36.528626] cloud-init[953]: |             +o.o|
[   36.529105] cloud-init[953]: |              +..|
[   36.529164] cloud-init[953]: +----[SHA256]-----+
[0;32m  OK  [0m] Started Deferred execution scheduler.
         Starting LXD - container startup/shutdown...
[   36.920646] cloud-init[1055]: Generating locales (this might take a while)...
         Starting Snappy daemon...
         Starting LSB: Record successful boot for GRUB...
[[0;32m  OK  [0m] Started Unattended Upgrades Shutdown.
         Starting Accounts Service...
         Starting /etc/rc.local Compatibility...
[[0;32m  OK  [0m] Started Regular background program processing daemon.
         Starting Pollinate to seed the pseudo random number generator...
         Starting System Logging Service...
         Starting Login Service...
[[0;32m  OK  [0m] Started iSCSI initiator daemon (iscsid).
[[0;32m  OK  [0m] Started /etc/rc.local Compatibility.
         Starting Login to default iSCSI targets...
[[0;32m  OK  [0m] Started Login Service.
[[0;32m  OK  [0m] Started System Logging Service.
[[0;32m  OK  [0m] Started LSB: MD monitoring daemon.
[[0;32m  OK  [0m] Started LSB: Record successful boot for GRUB.
[[0;32m  OK  [0m] Started Login to default iSCSI targets.
[[0;32m  OK  [0m] Reached target Remote File Systems (Pre).
[[0;32m  OK  [0m] Reached target Remote File Systems.
         Starting LSB: Set the CPU Frequency Scaling governor to "ondemand"...
         Starting LSB: daemon to balance interrupts for SMP systems...
         Starting Permit User Sessions...
         Starting LSB: automatic crash report generation...
[[0;32m  OK  [0m] Started Virtualbox guest utils.
[[0;32m  OK  [0m] Started Permit User Sessions.
[[0;32m  OK  [0m] Started LSB: Set the CPU Frequency Scaling governor to "ondemand".
         Starting Authenticate and Authorize Users to Run Privileged Tasks...
         Starting Terminate Plymouth Boot Screen...
         Starting Hold until boot process finishes up...
[[0;32m  OK  [0m] Started LSB: daemon to balance interrupts for SMP systems.
[[0;32m  OK  [0m] Started LSB: automatic crash report generation.
[[0;32m  OK  [0m] Started LXD - container startup/shutdown.
[[0;32m  OK  [0m] Started Terminate Plymouth Boot Screen.
[[0;32m  OK  [0m] Started Hold until boot process finishes up.
[[0;32m  OK  [0m] Started Snappy daemon.
[[0;32m  OK  [0m] Started Authenticate and Authorize Users to Run Privileged Tasks.
[   39.042681] cloud-init[1055]:   en_US.UTF-8... done
[[0;32m  OK  [0m] Started Accounts Service.
[   39.102504] cloud-init[1055]: Generation complete.
[[0;32m  OK  [0m] Started Getty on tty1.
[[0;32m  OK  [0m] Started Serial Getty on ttyS0.
[[0;32m  OK  [0m] Reached target Login Prompts.
         Starting Set console scheme...
[[0;32m  OK  [0m] Started Set console scheme.
[[0;32m  OK  [0m] Started Pollinate to seed the pseudo random number generator.
         Starting OpenBSD Secure Shell server...
[[0;32m  OK  [0m] Started OpenBSD Secure Shell server.
[[0;32m  OK  [0m] Reached target Multi-User System.
[[0;32m  OK  [0m] Reached target Graphical Interface.
         Starting Update UTMP about System Runlevel Changes...
[[0;32m  OK  [0m] Started Update UTMP about System Runlevel Changes.
[[0;32m  OK  [0m] Created slice User Slice of vagrant.
         Starting User Manager for UID 1000...
[[0;32m  OK  [0m] Started Session 1 of user vagrant.
[[0;32m  OK  [0m] Started User Manager for UID 1000.
[   40.704287] cloud-init[1055]: Cloud-init v. 17.2 running 'modules:config' at Sat, 07 Apr 2018 01:01:36 +0000. Up 36.66 seconds.
[[0;32m  OK  [0m] Started Apply the settings specified in cloud-config.
         Starting Execute cloud user/final scripts...
ci-info: no authorized ssh keys fingerprints found for user ubuntu.
<14>Apr  7 01:01:42 ec2: 
<14>Apr  7 01:01:42 ec2: #############################################################
<14>Apr  7 01:01:42 ec2: -----BEGIN SSH HOST KEY FINGERPRINTS-----
<14>Apr  7 01:01:42 ec2: 1024 SHA256:KAsIm9sfupdUTwsZmkx2mBK7dJtsBaCaGuZz8pFsLww root@ubuntu-xenial (DSA)
<14>Apr  7 01:01:42 ec2: 256 SHA256:sMV7Woct73dP9IixKSuP7GENMm0OZmgVEve/HuWxbfo root@ubuntu-xenial (ECDSA)
<14>Apr  7 01:01:42 ec2: 256 SHA256:oglkVjzGn189xcvPuNSSZZyjQ+HI+T7zTWNA2cUhIVg root@ubuntu-xenial (ED25519)
<14>Apr  7 01:01:42 ec2: 2048 SHA256:1u4xrA+nepXKUoJb7FredI+btJ1wOOerQrGb8MTi1c4 root@ubuntu-xenial (RSA)
<14>Apr  7 01:01:42 ec2: -----END SSH HOST KEY FINGERPRINTS-----
<14>Apr  7 01:01:42 ec2: #############################################################
-----BEGIN SSH HOST KEY KEYS-----
ecdsa-sha2-nistp256 AAAAE2VjZHNhLXNoYTItbmlzdHAyNTYAAAAIbmlzdHAyNTYAAABBBH34f122O8B8/WPfCF6QVVq45lajOxyybt5DYDkSGkP3Wg1WVZyUKT/2MxrfArNILgH+HF896KtIxooMF7Qaof4= root@ubuntu-xenial
ssh-ed25519 AAAAC3NzaC1lZDI1NTE5AAAAICpjHUwT4iqm5uFM8Po3HjiNq3On6fvrC6ukJq2+Rrg6 root@ubuntu-xenial
ssh-rsa AAAAB3NzaC1yc2EAAAADAQABAAABAQDgsL/34PoAaFB75SrK3iZEe+3ulaCj1mojFEzQzniTUbcGOlNgVdda1gsogzgf7zBP8mo4iiAICmI9LCVzwNTrQw3As74jDk9Iusb0M7n5A2usjw4m+GEYJmUUXmwsWc6T9MIteA5hHSePtdaP63JqG5fGWFMF31yRlhdmcFCMRz2cE9ONQ7TtqRBlSZD+kxEQehEO59poNJyTlyg77Unrzy59OeJqw3cKQ80Zo+/MLlJjfYmZ8+92HUg8TplbuOqLIz58vfgw6Qkkv1uC8LYKliwrouQ9vo4lnRfEndpkNcTpQDPPmWoy3ayqhlLgucPqQe0pVpe+AAOewk/8Elxr root@ubuntu-xenial
-----END SSH HOST KEY KEYS-----
[   43.084299] cloud-init[1389]: Cloud-init v. 17.2 running 'modules:final' at Sat, 07 Apr 2018 01:01:41 +0000. Up 41.59 seconds.
[   43.189271] cloud-init[1389]: ci-info: no authorized ssh keys fingerprints found for user ubuntu.
[   43.212740] cloud-init[1389]: Cloud-init v. 17.2 finished at Sat, 07 Apr 2018 01:01:43 +0000. Datasource DataSourceNoCloud [seed=/dev/sdb][dsmode=net].  Up 43.06 seconds
[[0;32m  OK  [0m] Started Execute cloud user/final scripts.
[[0;32m  OK  [0m] Reached target Cloud-init target.

Ubuntu 16.04.4 LTS ubuntu-xenial ttyS0

ubuntu-xenial login: 